[33m❯[39m Building...
[32m✔[39m Building...
Application bundle generation failed. [65.308 seconds] - 2026-02-27T22:01:35.758Z

node.exe : 
[1m[33m[33m▲ [43;33
m[[43;30mWARNING[43;3
3m][0m [1mNG8107: 
The left side of this 
optional chain 
operation does not 
include 'null' or 
'undefined' in its 
type, therefore the 
'?.' operator can be 
replaced with the '.' 
operator.[0m 
[1m[35m[plugin 
angular-compiler][0m
En línea: 1 Carácter: 1
+ & "C:\Program 
Files\nodejs/node.exe" 
"C:\Program 
Files\nodejs/node_mo 
...
+ ~~~~~~~~~~~~~~~~~~~~~
~~~~~~~~~~~~~~~~~~~~~~~
~~~~~~~~~~~~~~~~~~~~~~~
~~
    + CategoryInfo     
         : NotSpecifi  
  ed: ([1m[33m[33   
 m▲...r-compiler][    
0m:String) [], Rem    
oteException
    + FullyQualifiedEr 
   rorId : NativeComm  
  andError
 

    src/app/features/cr
m/cliente-detalle/clien
te-detalle.html:399:88:
[37m      399 │ 
...Empresa" [contactoEm
ail]="cliente.contactoP
rincipal?.[32memail[3
7m || ''"
          ╵            
                       
                      
[32m~~~~~[0m

  Warning occurs in 
the template of 
component 
ClienteDetalle.

    src/app/features/cr
m/cliente-detalle/clien
te-detalle.ts:21:15:
[37m      21 │   
templateUrl: [32m'./cl
iente-detalle.html'[37
m,
         ╵             
   [32m~~~~~~~~~~~~~~~
~~~~~~~~~[0m


[33m▲ [43;33m[[43;30
mWARNING[43;33m][0m 
[1mNG8107: The left 
side of this optional 
chain operation does 
not include 'null' or 
'undefined' in its 
type, therefore the 
'?.' operator can be 
replaced with the '.' 
operator.[0m 
[1m[35m[plugin 
angular-compiler][0m

    src/app/features/cr
m/cliente-detalle/clien
te-detalle.html:400:49:
[37m      400 │ ..."cl
iente.contactoPrincipal
?.[32mnombre[37m || 
''" 
(close)="isInviteDia...
          ╵            
                    
[32m~~~~~~[0m

  Warning occurs in 
the template of 
component 
ClienteDetalle.

    src/app/features/cr
m/cliente-detalle/clien
te-detalle.ts:21:15:
[37m      21 │   
templateUrl: [32m'./cl
iente-detalle.html'[37
m,
         ╵             
   [32m~~~~~~~~~~~~~~~
~~~~~~~~~[0m


[33m▲ [43;33m[[43;30
mWARNING[43;33m][0m 
[1mNG8107: The left 
side of this optional 
chain operation does 
not include 'null' or 
'undefined' in its 
type, therefore the 
'?.' operator can be 
replaced with the '.' 
operator.[0m 
[1m[35m[plugin 
angular-compiler][0m

    src/app/features/fi
nanzas/dashboard-financ
iero/dashboard-financie
ro.component.html:162:5
7:
[37m      162 │ ...   
 {{ factura.codigoForma
teado?.[32msubstring[
37m(4,7) || 'FAC' 
}}</div>
          ╵            
                       
  [32m~~~~~~~~~[0m

  Warning occurs in 
the template of 
component DashboardFina
ncieroComponent.

    src/app/features/fi
nanzas/dashboard-financ
iero/dashboard-financie
ro.component.ts:20:17:
[37m      20 │     
templateUrl: [32m'./da
shboard-financiero.comp
onent.html'[37m,
         ╵             
     [32m~~~~~~~~~~~~~
~~~~~~~~~~~~~~~~~~~~~~~
~~~[0m


[33m▲ [43;33m[[43;30
mWARNING[43;33m][0m 
[1mNG8107: The left 
side of this optional 
chain operation does 
not include 'null' or 
'undefined' in its 
type, therefore the 
'?.' operator can be 
replaced with the '.' 
operator.[0m 
[1m[35m[plugin 
angular-compiler][0m

    src/app/features/me
nsajeria/chat-inbox/cha
t-inbox.component.html:
188:41:
[37m      188 │       
              c.contact
oPrincipal?.[32mnombre
[37m }}
          ╵            
                       
       [32m~~~~~~[0m

  Warning occurs in 
the template of 
component 
ChatInboxComponent.

    src/app/features/me
nsajeria/chat-inbox/cha
t-inbox.component.ts:23
:17:
[37m      23 │     
templateUrl: [32m'./ch
at-inbox.component.html
'[37m,
         ╵             
     [32m~~~~~~~~~~~~~
~~~~~~~~~~~~~~~~[0m


[33m▲ [43;33m[[43;30
mWARNING[43;33m][0m 
[1mNG8107: The left 
side of this optional 
chain operation does 
not include 'null' or 
'undefined' in its 
type, therefore the 
'?.' operator can be 
replaced with the '.' 
operator.[0m 
[1m[35m[plugin 
angular-compiler][0m

    src/app/features/pr
oyectos/proyecto-form/p
royecto-form.component.
html:47:58:
[37m      47 │ ...    
              || client
e.contactoPrincipal?.[
32mnombre[37m 
}}</option>
         ╵             
                       
                
[32m~~~~~~[0m

  Warning occurs in 
the template of 
component 
ProyectoFormComponent.

    src/app/features/pr
oyectos/proyecto-form/p
royecto-form.component.
ts:18:17:
[37m      18 │     
templateUrl: [32m'./pr
oyecto-form.component.h
tml'[37m
         ╵             
     [32m~~~~~~~~~~~~~
~~~~~~~~~~~~~~~~~~~[0m

[39m[22m
[1m[31m[31mX [41;31
m[[41;97mERROR[41;31m
][0m [1mTS2341: 
Property 'router' is 
private and only 
accessible within 
class 'FacturasListComp
onent'.[0m 
[1m[35m[plugin 
angular-compiler][0m

    src/app/features/fa
cturas/facturas-list/fa
cturas-list.component.h
tml:34:83:
[37m      34 │ 
...actionIcon="plus" (o
nAction)="[32mrouter[
37m.navigate(['/factura
s/new'])">
         ╵             
                     
[32m~~~~~~[0m

  Error occurs in the 
template of component 
FacturasListComponent.

    src/app/features/fa
cturas/facturas-list/fa
cturas-list.component.t
s:22:17:
[37m      22 │     
templateUrl: [32m'./fa
cturas-list.component.h
tml'[37m,
         ╵             
     [32m~~~~~~~~~~~~~
~~~~~~~~~~~~~~~~~~~[0m

[39m[22m
