[33mÔØ»[39m Building...
[32mÔ£ö[39m Building...
Application bundle generation failed. [13.515 seconds] - 2026-02-23T03:26:41.068Z

node.exe : 
[1m[31m[31mX [41;31
m[[41;97mERROR[41;31m
][0m [1mTS2339: 
Property 
'nombreContacto' does 
not exist on type 
'Cliente'.[0m 
[1m[35m[plugin 
angular-compiler][0m
En línea: 1 Carácter: 1
+ & "C:\Program 
Files\nodejs/node.exe" 
"C:\Program 
Files\nodejs/node_mo 
...
+ ~~~~~~~~~~~~~~~~~~~~~
~~~~~~~~~~~~~~~~~~~~~~~
~~~~~~~~~~~~~~~~~~~~~~~
~~
    + CategoryInfo     
         : NotSpecifi  
  ed: ([1m[31m[31   
 mX...r-compiler][    
0m:String) [], Rem    
oteException
    + FullyQualifiedEr 
   rorId : NativeComm  
  andError
 

    src/app/features/pr
oyectos/proyecto-form/p
royecto-form.component.
html:47:39:
[37m      47 Ôöé      
                       
|| cliente.[32mnombreC
ontacto[37m 
}}</option>
         ÔòÁ           
                       
      
[32m~~~~~~~~~~~~~~[0m

  Error occurs in the 
template of component 
ProyectoFormComponent.

    src/app/features/pr
oyectos/proyecto-form/p
royecto-form.component.
ts:15:17:
[37m      15 Ôöé     
templateUrl: [32m'./pr
oyecto-form.component.h
tml'[37m
         ÔòÁ           
       [32m~~~~~~~~~~~
~~~~~~~~~~~~~~~~~~~~~[
0m

[39m[22m
