
> sube-gestion@0.0.0 build
> ng build

[33mÔØ»[39m Building...
[32mÔ£ö[39m Building...
Application bundle generation failed. [14.882 seconds] - 2026-02-24T02:48:08.116Z

node.exe : 
[1m[33m[33mÔû▓ [43;
33m[[43;30mWARNING[43
;33m][0m [1mNG8103: 
The `*ngIf` directive 
was used in the 
template, but neither 
the `NgIf` directive 
nor the `CommonModule` 
was imported. Use 
Angular's built-in 
control flow @if or 
make sure that either 
the `NgIf` directive 
or the `CommonModule` 
is included in the 
`@Component.imports` 
array of this 
component.[0m 
[1m[35m[plugin 
angular-compiler][0m
En línea: 1 Carácter: 1
+ & "C:\Program 
Files\nodejs/node.exe" 
"C:\Program 
Files\nodejs/node_mo 
...
+ ~~~~~~~~~~~~~~~~~~~~~
~~~~~~~~~~~~~~~~~~~~~~~
~~~~~~~~~~~~~~~~~~~~~~~
~~
    + CategoryInfo     
         : NotSpecifi  
  ed: ([1m[33m[33   
 mÔ...r-compiler][    
0m:String) [], Rem    
oteException
    + FullyQualifiedEr 
   rorId : NativeComm  
  andError
 

    src/app/features/es
g/sostenibilidad-valida
tor/sostenibilidad-vali
dator.html:16:18:
[37m      16 Ôöé      
       <div 
*[32mngIf[37m="state 
=== 'LOADING'" 
class="flex flex-col 
...
         ÔòÁ           
        [32m~~~~[0m

  Warning occurs in 
the template of 
component Sostenibilida
dValidator.

    src/app/features/es
g/sostenibilidad-valida
tor/sostenibilidad-vali
dator.ts:6:15:
[37m      6 Ôöé   
templateUrl: [32m'./so
stenibilidad-validator.
html'[37m,
        ÔòÁ            
    [32m~~~~~~~~~~~~~~
~~~~~~~~~~~~~~~~~~~[0m


[33mÔû▓ [43;33m[[43;
30mWARNING[43;33m][0m
 [1mNG8103: The 
`*ngIf` directive was 
used in the template, 
but neither the `NgIf` 
directive nor the 
`CommonModule` was 
imported. Use 
Angular's built-in 
control flow @if or 
make sure that either 
the `NgIf` directive 
or the `CommonModule` 
is included in the 
`@Component.imports` 
array of this 
component.[0m 
[1m[35m[plugin 
angular-compiler][0m

    src/app/features/es
g/sostenibilidad-valida
tor/sostenibilidad-vali
dator.html:22:18:
[37m      22 Ôöé      
       <div 
*[32mngIf[37m="state 
=== 'INVALID'" 
class="flex flex-col 
...
         ÔòÁ           
        [32m~~~~[0m

  Warning occurs in 
the template of 
component Sostenibilida
dValidator.

    src/app/features/es
g/sostenibilidad-valida
tor/sostenibilidad-vali
dator.ts:6:15:
[37m      6 Ôöé   
templateUrl: [32m'./so
stenibilidad-validator.
html'[37m,
        ÔòÁ            
    [32m~~~~~~~~~~~~~~
~~~~~~~~~~~~~~~~~~~[0m


[33mÔû▓ [43;33m[[43;
30mWARNING[43;33m][0m
 [1mNG8103: The 
`*ngIf` directive was 
used in the template, 
but neither the `NgIf` 
directive nor the 
`CommonModule` was 
imported. Use 
Angular's built-in 
control flow @if or 
make sure that either 
the `NgIf` directive 
or the `CommonModule` 
is included in the 
`@Component.imports` 
array of this 
component.[0m 
[1m[35m[plugin 
angular-compiler][0m

    src/app/features/es
g/sostenibilidad-valida
tor/sostenibilidad-vali
dator.html:37:18:
[37m      37 Ôöé      
       <div 
*[32mngIf[37m="state 
=== 'VERIFIED' && 
esgRecord" class="...
         ÔòÁ           
        [32m~~~~[0m

  Warning occurs in 
the template of 
component Sostenibilida
dValidator.

    src/app/features/es
g/sostenibilidad-valida
tor/sostenibilidad-vali
dator.ts:6:15:
[37m      6 Ôöé   
templateUrl: [32m'./so
stenibilidad-validator.
html'[37m,
        ÔòÁ            
    [32m~~~~~~~~~~~~~~
~~~~~~~~~~~~~~~~~~~[0m


[33mÔû▓ [43;33m[[43;
30mWARNING[43;33m][0m
 [1mNG8103: The 
`*ngIf` directive was 
used in the template, 
but neither the `NgIf` 
directive nor the 
`CommonModule` was 
imported. Use 
Angular's built-in 
control flow @if or 
make sure that either 
the `NgIf` directive 
or the `CommonModule` 
is included in the 
`@Component.imports` 
array of this 
component.[0m 
[1m[35m[plugin 
angular-compiler][0m

    src/app/features/es
g/sostenibilidad-valida
tor/sostenibilidad-vali
dator.html:75:66:
[37m      75 Ôöé 
....facturaUrl" 
target="_blank" *[32mn
gIf[37m="esgRecord.fac
turaUrl" class...
         ÔòÁ           
                       
[32m~~~~[0m

  Warning occurs in 
the template of 
component Sostenibilida
dValidator.

    src/app/features/es
g/sostenibilidad-valida
tor/sostenibilidad-vali
dator.ts:6:15:
[37m      6 Ôöé   
templateUrl: [32m'./so
stenibilidad-validator.
html'[37m,
        ÔòÁ            
    [32m~~~~~~~~~~~~~~
~~~~~~~~~~~~~~~~~~~[0m


[33mÔû▓ [43;33m[[43;
30mWARNING[43;33m][0m
 [1mNG8107: The left 
side of this optional 
chain operation does 
not include 'null' or 
'undefined' in its 
type, therefore the 
'?.' operator can be 
replaced with the '.' 
operator.[0m 
[1m[35m[plugin 
angular-compiler][0m

    src/app/features/fi
nanzas/dashboard-financ
iero/dashboard-financie
ro.component.html:141:5
7:
[37m      141 Ôöé ... 
   {{ factura.codigoFor
mateado?.[32msubstring
[37m(4,7) || 'FAC' 
}}</div>
          ÔòÁ          
                       
    [32m~~~~~~~~~[0m

  Warning occurs in 
the template of 
component DashboardFina
ncieroComponent.

    src/app/features/fi
nanzas/dashboard-financ
iero/dashboard-financie
ro.component.ts:16:17:
[37m      16 Ôöé     
templateUrl: [32m'./da
shboard-financiero.comp
onent.html'[37m
         ÔòÁ           
       [32m~~~~~~~~~~~
~~~~~~~~~~~~~~~~~~~~~~~
~~~~~[0m

[39m[22m
[1m[31m[31mX [41;31
m[[41;97mERROR[41;31m
][0m [1mTS2551: 
Property 'Sostenibilida
dValidatorComponent' 
does not exist on type 
'typeof import("C:/Apps
IA/repogit/Estratega-su
beia/sube-gestion/src/a
pp/features/esg/sosteni
bilidad-validator/soste
nibilidad-validator")'.
 Did you mean 'Sostenib
ilidadValidator'?[0m 
[1m[35m[plugin 
angular-compiler][0m

    src/app/app.routes.
ts:9:25:
[37m      9 Ôöé       
      .then(c => c.[32
mSostenibilidadValidato
rComponent[37m)
        ÔòÁ            
              [32m~~~~
~~~~~~~~~~~~~~~~~~~~~~~
~~~~~[0m

  'SostenibilidadValida
tor' is declared here.

    src/app/features/es
g/sostenibilidad-valida
tor/sostenibilidad-vali
dator.ts:9:13:
[37m      9 Ôöé 
export class [32mSoste
nibilidadValidator[37m
 {
        ÔòÁ            
  [32m~~~~~~~~~~~~~~~~
~~~~~~~[0m


[31mX [41;31m[[41;97
mERROR[41;31m][0m 
[1mNG2012: Component 
imports contains a 
ModuleWithProviders 
value, likely the 
result of a 'Module.for
Root()'-style call. 
These calls are not 
used to configure 
components and are not 
valid in standalone 
component imports - 
consider importing 
them in the 
application bootstrap 
instead.[0m 
[1m[35m[plugin 
angular-compiler][0m

    src/app/core/layout
/navbar/navbar.componen
t.ts:11:28:
[37m      11 Ôöé 
...onModule, [32mLucid
eAngularModule.pick({ 
Bell, Clock, Menu, 
Moon, S[37m...
         ÔòÁ           
   [32m~~~~~~~~~~~~~~~
~~~~~~~~~~~~~~~~~~~~~~~
~~~~~~~~~~~~~~~[0m


[31mX [41;31m[[41;97
mERROR[41;31m][0m 
[1mTS2322: Type 'Modul
eWithProviders<LucideAn
gularModule>' is not 
assignable to type 
'readonly any[] | 
Type<any>'.[0m 
[1m[35m[plugin 
angular-compiler][0m

    src/app/core/layout
/navbar/navbar.componen
t.ts:11:28:
[37m      11 Ôöé 
...onModule, [32mLucid
eAngularModule.pick({ 
Bell, Clock, Menu, 
Moon, S[37m...
         ÔòÁ           
   [32m~~~~~~~~~~~~~~~
~~~~~~~~~~~~~~~~~~~~~~~
~~~~~~~~~~~~~~~[0m


[31mX [41;31m[[41;97
mERROR[41;31m][0m 
[1mNG2012: Component 
imports contains a 
ModuleWithProviders 
value, likely the 
result of a 'Module.for
Root()'-style call. 
These calls are not 
used to configure 
components and are not 
valid in standalone 
component imports - 
consider importing 
them in the 
application bootstrap 
instead.[0m 
[1m[35m[plugin 
angular-compiler][0m

    src/app/features/au
th/register-agency/regi
ster-agency.component.t
s:14:63:
[37m      14 Ôöé ..., 
RouterModule, [32mLuci
deAngularModule.pick({ 
Key, Loader2, User 
})[37m],
         ÔòÁ           
         [32m~~~~~~~~~
~~~~~~~~~~~~~~~~~~~~~~~
~~~~~~~~~~~~~~~~[0m


[31mX [41;31m[[41;97
mERROR[41;31m][0m 
[1mTS2322: Type 'Modul
eWithProviders<LucideAn
gularModule>' is not 
assignable to type 
'readonly any[] | 
Type<any>'.[0m 
[1m[35m[plugin 
angular-compiler][0m

    src/app/features/au
th/register-agency/regi
ster-agency.component.t
s:14:63:
[37m      14 Ôöé ..., 
RouterModule, [32mLuci
deAngularModule.pick({ 
Key, Loader2, User 
})[37m],
         ÔòÁ           
         [32m~~~~~~~~~
~~~~~~~~~~~~~~~~~~~~~~~
~~~~~~~~~~~~~~~~[0m


[31mX [41;31m[[41;97
mERROR[41;31m][0m 
[1mNG2012: Component 
imports contains a 
ModuleWithProviders 
value, likely the 
result of a 'Module.for
Root()'-style call. 
These calls are not 
used to configure 
components and are not 
valid in standalone 
component imports - 
consider importing 
them in the 
application bootstrap 
instead.[0m 
[1m[35m[plugin 
angular-compiler][0m

    src/app/features/ca
talogo/catalogo-form/ca
talogo-form.component.t
s:13:63:
[37m      13 Ôöé 
...erModule, [32mLucid
eAngularModule.pick({ 
ArrowLeft, Banknote, 
Loade[37m...
         ÔòÁ           
   [32m~~~~~~~~~~~~~~~
~~~~~~~~~~~~~~~~~~~~~~~
~~~~~~~~~~~~~~~[0m


[31mX [41;31m[[41;97
mERROR[41;31m][0m 
[1mTS2322: Type 'Modul
eWithProviders<LucideAn
gularModule>' is not 
assignable to type 
'readonly any[] | 
Type<any>'.[0m 
[1m[35m[plugin 
angular-compiler][0m

    src/app/features/ca
talogo/catalogo-form/ca
talogo-form.component.t
s:13:63:
[37m      13 Ôöé 
...erModule, [32mLucid
eAngularModule.pick({ 
ArrowLeft, Banknote, 
Loade[37m...
         ÔòÁ           
   [32m~~~~~~~~~~~~~~~
~~~~~~~~~~~~~~~~~~~~~~~
~~~~~~~~~~~~~~~[0m


[31mX [41;31m[[41;97
mERROR[41;31m][0m 
[1mNG2012: Component 
imports contains a 
ModuleWithProviders 
value, likely the 
result of a 'Module.for
Root()'-style call. 
These calls are not 
used to configure 
components and are not 
valid in standalone 
component imports - 
consider importing 
them in the 
application bootstrap 
instead.[0m 
[1m[35m[plugin 
angular-compiler][0m

    src/app/features/ca
talogo/catalogo-list/ca
talogo-list.component.t
s:13:42:
[37m      13 Ôöé 
...erModule, [32mLucid
eAngularModule.pick({ 
PackageSearch, Plus, 
Searc[37m...
         ÔòÁ           
   [32m~~~~~~~~~~~~~~~
~~~~~~~~~~~~~~~~~~~~~~~
~~~~~~~~~~~~~~~[0m


[31mX [41;31m[[41;97
mERROR[41;31m][0m 
[1mTS2322: Type 'Modul
eWithProviders<LucideAn
gularModule>' is not 
assignable to type 
'readonly any[] | 
Type<any>'.[0m 
[1m[35m[plugin 
angular-compiler][0m

    src/app/features/ca
talogo/catalogo-list/ca
talogo-list.component.t
s:13:42:
[37m      13 Ôöé 
...erModule, [32mLucid
eAngularModule.pick({ 
PackageSearch, Plus, 
Searc[37m...
         ÔòÁ           
   [32m~~~~~~~~~~~~~~~
~~~~~~~~~~~~~~~~~~~~~~~
~~~~~~~~~~~~~~~[0m


[31mX [41;31m[[41;97
mERROR[41;31m][0m 
[1mNG2012: Component 
imports contains a 
ModuleWithProviders 
value, likely the 
result of a 'Module.for
Root()'-style call. 
These calls are not 
used to configure 
components and are not 
valid in standalone 
component imports - 
consider importing 
them in the 
application bootstrap 
instead.[0m 
[1m[35m[plugin 
angular-compiler][0m

    src/app/features/co
ntratos/contrato-form/c
ontrato-form.component.
ts:21:63:
[37m      21 Ôöé 
...erModule, [32mLucid
eAngularModule.pick({ 
ArrowLeft, 
FileSignature, [37m...
         ÔòÁ           
   [32m~~~~~~~~~~~~~~~
~~~~~~~~~~~~~~~~~~~~~~~
~~~~~~~~~~~~~~~[0m


[31mX [41;31m[[41;97
mERROR[41;31m][0m 
[1mTS2322: Type 'Modul
eWithProviders<LucideAn
gularModule>' is not 
assignable to type 
'readonly any[] | 
Type<any>'.[0m 
[1m[35m[plugin 
angular-compiler][0m

    src/app/features/co
ntratos/contrato-form/c
ontrato-form.component.
ts:21:63:
[37m      21 Ôöé 
...erModule, [32mLucid
eAngularModule.pick({ 
ArrowLeft, 
FileSignature, [37m...
         ÔòÁ           
   [32m~~~~~~~~~~~~~~~
~~~~~~~~~~~~~~~~~~~~~~~
~~~~~~~~~~~~~~~[0m


[31mX [41;31m[[41;97
mERROR[41;31m][0m 
[1mNG2012: Component 
imports contains a 
ModuleWithProviders 
value, likely the 
result of a 'Module.for
Root()'-style call. 
These calls are not 
used to configure 
components and are not 
valid in standalone 
component imports - 
consider importing 
them in the 
application bootstrap 
instead.[0m 
[1m[35m[plugin 
angular-compiler][0m

    src/app/features/co
ntratos/contrato-view/c
ontrato-view.component.
ts:14:42:
[37m      14 Ôöé 
...erModule, [32mLucid
eAngularModule.pick({ 
ArrowLeft, FileText, 
Loade[37m...
         ÔòÁ           
   [32m~~~~~~~~~~~~~~~
~~~~~~~~~~~~~~~~~~~~~~~
~~~~~~~~~~~~~~~[0m


[31mX [41;31m[[41;97
mERROR[41;31m][0m 
[1mTS2322: Type 'Modul
eWithProviders<LucideAn
gularModule>' is not 
assignable to type 
'readonly any[] | 
Type<any>'.[0m 
[1m[35m[plugin 
angular-compiler][0m

    src/app/features/co
ntratos/contrato-view/c
ontrato-view.component.
ts:14:42:
[37m      14 Ôöé 
...erModule, [32mLucid
eAngularModule.pick({ 
ArrowLeft, FileText, 
Loade[37m...
         ÔòÁ           
   [32m~~~~~~~~~~~~~~~
~~~~~~~~~~~~~~~~~~~~~~~
~~~~~~~~~~~~~~~[0m


[31mX [41;31m[[41;97
mERROR[41;31m][0m 
[1mNG2012: Component 
imports contains a 
ModuleWithProviders 
value, likely the 
result of a 'Module.for
Root()'-style call. 
These calls are not 
used to configure 
components and are not 
valid in standalone 
component imports - 
consider importing 
them in the 
application bootstrap 
instead.[0m 
[1m[35m[plugin 
angular-compiler][0m

    src/app/features/co
ntratos/contratos-list/
contratos-list.componen
t.ts:15:42:
[37m      15 Ôöé 
...erModule, [32mLucid
eAngularModule.pick({ 
FileSignature, 
Loader2, Pl[37m...
         ÔòÁ           
   [32m~~~~~~~~~~~~~~~
~~~~~~~~~~~~~~~~~~~~~~~
~~~~~~~~~~~~~~~[0m


[31mX [41;31m[[41;97
mERROR[41;31m][0m 
[1mTS2322: Type 'Modul
eWithProviders<LucideAn
gularModule>' is not 
assignable to type 
'readonly any[] | 
Type<any>'.[0m 
[1m[35m[plugin 
angular-compiler][0m

    src/app/features/co
ntratos/contratos-list/
contratos-list.componen
t.ts:15:42:
[37m      15 Ôöé 
...erModule, [32mLucid
eAngularModule.pick({ 
FileSignature, 
Loader2, Pl[37m...
         ÔòÁ           
   [32m~~~~~~~~~~~~~~~
~~~~~~~~~~~~~~~~~~~~~~~
~~~~~~~~~~~~~~~[0m


[31mX [41;31m[[41;97
mERROR[41;31m][0m 
[1mNG2012: Component 
imports contains a 
ModuleWithProviders 
value, likely the 
result of a 'Module.for
Root()'-style call. 
These calls are not 
used to configure 
components and are not 
valid in standalone 
component imports - 
consider importing 
them in the 
application bootstrap 
instead.[0m 
[1m[35m[plugin 
angular-compiler][0m

    src/app/features/co
tizaciones/cotizacion-f
orm/cotizacion-form.com
ponent.ts:20:63:
[37m      20 Ôöé 
...erModule, [32mLucid
eAngularModule.pick({ 
ArrowLeft, Calculator, 
Lay[37m...
         ÔòÁ           
   [32m~~~~~~~~~~~~~~~
~~~~~~~~~~~~~~~~~~~~~~~
~~~~~~~~~~~~~~~[0m


[31mX [41;31m[[41;97
mERROR[41;31m][0m 
[1mTS2322: Type 'Modul
eWithProviders<LucideAn
gularModule>' is not 
assignable to type 
'readonly any[] | 
Type<any>'.[0m 
[1m[35m[plugin 
angular-compiler][0m

    src/app/features/co
tizaciones/cotizacion-f
orm/cotizacion-form.com
ponent.ts:20:63:
[37m      20 Ôöé 
...erModule, [32mLucid
eAngularModule.pick({ 
ArrowLeft, Calculator, 
Lay[37m...
         ÔòÁ           
   [32m~~~~~~~~~~~~~~~
~~~~~~~~~~~~~~~~~~~~~~~
~~~~~~~~~~~~~~~[0m


[31mX [41;31m[[41;97
mERROR[41;31m][0m 
[1mNG2012: Component 
imports contains a 
ModuleWithProviders 
value, likely the 
result of a 'Module.for
Root()'-style call. 
These calls are not 
used to configure 
components and are not 
valid in standalone 
component imports - 
consider importing 
them in the 
application bootstrap 
instead.[0m 
[1m[35m[plugin 
angular-compiler][0m

    src/app/features/co
tizaciones/cotizacion-v
iew/cotizacion-view.com
ponent.ts:17:42:
[37m      17 Ôöé 
...erModule, [32mLucid
eAngularModule.pick({ 
ArrowLeft, 
CalendarClock, [37m...
         ÔòÁ           
   [32m~~~~~~~~~~~~~~~
~~~~~~~~~~~~~~~~~~~~~~~
~~~~~~~~~~~~~~~[0m


[31mX [41;31m[[41;97
mERROR[41;31m][0m 
[1mTS2322: Type 'Modul
eWithProviders<LucideAn
gularModule>' is not 
assignable to type 
'readonly any[] | 
Type<any>'.[0m 
[1m[35m[plugin 
angular-compiler][0m

    src/app/features/co
tizaciones/cotizacion-v
iew/cotizacion-view.com
ponent.ts:17:42:
[37m      17 Ôöé 
...erModule, [32mLucid
eAngularModule.pick({ 
ArrowLeft, 
CalendarClock, [37m...
         ÔòÁ           
   [32m~~~~~~~~~~~~~~~
~~~~~~~~~~~~~~~~~~~~~~~
~~~~~~~~~~~~~~~[0m


[31mX [41;31m[[41;97
mERROR[41;31m][0m 
[1mNG2012: Component 
imports contains a 
ModuleWithProviders 
value, likely the 
result of a 'Module.for
Root()'-style call. 
These calls are not 
used to configure 
components and are not 
valid in standalone 
component imports - 
consider importing 
them in the 
application bootstrap 
instead.[0m 
[1m[35m[plugin 
angular-compiler][0m

    src/app/features/co
tizaciones/cotizaciones
-list/cotizaciones-list
.component.ts:13:42:
[37m      13 Ôöé 
...erModule, [32mLucid
eAngularModule.pick({ 
FilePlus2, FileText, 
Searc[37m...
         ÔòÁ           
   [32m~~~~~~~~~~~~~~~
~~~~~~~~~~~~~~~~~~~~~~~
~~~~~~~~~~~~~~~[0m


[31mX [41;31m[[41;97
mERROR[41;31m][0m 
[1mTS2322: Type 'Modul
eWithProviders<LucideAn
gularModule>' is not 
assignable to type 
'readonly any[] | 
Type<any>'.[0m 
[1m[35m[plugin 
angular-compiler][0m

    src/app/features/co
tizaciones/cotizaciones
-list/cotizaciones-list
.component.ts:13:42:
[37m      13 Ôöé 
...erModule, [32mLucid
eAngularModule.pick({ 
FilePlus2, FileText, 
Searc[37m...
         ÔòÁ           
   [32m~~~~~~~~~~~~~~~
~~~~~~~~~~~~~~~~~~~~~~~
~~~~~~~~~~~~~~~[0m


[31mX [41;31m[[41;97
mERROR[41;31m][0m 
[1mNG2012: Component 
imports contains a 
ModuleWithProviders 
value, likely the 
result of a 'Module.for
Root()'-style call. 
These calls are not 
used to configure 
components and are not 
valid in standalone 
component imports - 
consider importing 
them in the 
application bootstrap 
instead.[0m 
[1m[35m[plugin 
angular-compiler][0m

    src/app/features/cr
m/cliente-detalle/clien
te-detalle.ts:14:38:
[37m      14 Ôöé 
...uterLink, [32mLucid
eAngularModule.pick({ 
Briefcase, 
ChevronLeft, Cl[37m...
         ÔòÁ           
   [32m~~~~~~~~~~~~~~~
~~~~~~~~~~~~~~~~~~~~~~~
~~~~~~~~~~~~~~~[0m


[31mX [41;31m[[41;97
mERROR[41;31m][0m 
[1mTS2322: Type 'Modul
eWithProviders<LucideAn
gularModule>' is not 
assignable to type 
'readonly any[] | 
Type<any>'.[0m 
[1m[35m[plugin 
angular-compiler][0m

    src/app/features/cr
m/cliente-detalle/clien
te-detalle.ts:14:38:
[37m      14 Ôöé 
...uterLink, [32mLucid
eAngularModule.pick({ 
Briefcase, 
ChevronLeft, Cl[37m...
         ÔòÁ           
   [32m~~~~~~~~~~~~~~~
~~~~~~~~~~~~~~~~~~~~~~~
~~~~~~~~~~~~~~~[0m


[31mX [41;31m[[41;97
mERROR[41;31m][0m 
[1mNG2012: Component 
imports contains a 
ModuleWithProviders 
value, likely the 
result of a 'Module.for
Root()'-style call. 
These calls are not 
used to configure 
components and are not 
valid in standalone 
component imports - 
consider importing 
them in the 
application bootstrap 
instead.[0m 
[1m[35m[plugin 
angular-compiler][0m

    src/app/features/cr
m/cliente-form/cliente-
form.component.ts:13:63
:
[37m      13 Ôöé 
...erModule, [32mLucid
eAngularModule.pick({ 
ArrowLeft, Building2, 
Load[37m...
         ÔòÁ           
   [32m~~~~~~~~~~~~~~~
~~~~~~~~~~~~~~~~~~~~~~~
~~~~~~~~~~~~~~~[0m


[31mX [41;31m[[41;97
mERROR[41;31m][0m 
[1mTS2322: Type 'Modul
eWithProviders<LucideAn
gularModule>' is not 
assignable to type 
'readonly any[] | 
Type<any>'.[0m 
[1m[35m[plugin 
angular-compiler][0m

    src/app/features/cr
m/cliente-form/cliente-
form.component.ts:13:63
:
[37m      13 Ôöé 
...erModule, [32mLucid
eAngularModule.pick({ 
ArrowLeft, Building2, 
Load[37m...
         ÔòÁ           
   [32m~~~~~~~~~~~~~~~
~~~~~~~~~~~~~~~~~~~~~~~
~~~~~~~~~~~~~~~[0m


[31mX [41;31m[[41;97
mERROR[41;31m][0m 
[1mNG2012: Component 
imports contains a 
ModuleWithProviders 
value, likely the 
result of a 'Module.for
Root()'-style call. 
These calls are not 
used to configure 
components and are not 
valid in standalone 
component imports - 
consider importing 
them in the 
application bootstrap 
instead.[0m 
[1m[35m[plugin 
angular-compiler][0m

    src/app/features/cr
m/cliente-form/cliente-
form.ts:34:59:
[37m      34 Ôöé 
...rmsModule, 
RouterLink, [32mLucide
AngularModule.pick({ 
ChevronLeft })[37m],
         ÔòÁ           
                [32m~~
~~~~~~~~~~~~~~~~~~~~~~~
~~~~~~~~~~~~~~~~[0m


[31mX [41;31m[[41;97
mERROR[41;31m][0m 
[1mTS2322: Type 'Modul
eWithProviders<LucideAn
gularModule>' is not 
assignable to type 
'readonly any[] | 
Type<any>'.[0m 
[1m[35m[plugin 
angular-compiler][0m

    src/app/features/cr
m/cliente-form/cliente-
form.ts:34:59:
[37m      34 Ôöé 
...rmsModule, 
RouterLink, [32mLucide
AngularModule.pick({ 
ChevronLeft })[37m],
         ÔòÁ           
                [32m~~
~~~~~~~~~~~~~~~~~~~~~~~
~~~~~~~~~~~~~~~~[0m


[31mX [41;31m[[41;97
mERROR[41;31m][0m 
[1mNG2012: Component 
imports contains a 
ModuleWithProviders 
value, likely the 
result of a 'Module.for
Root()'-style call. 
These calls are not 
used to configure 
components and are not 
valid in standalone 
component imports - 
consider importing 
them in the 
application bootstrap 
instead.[0m 
[1m[35m[plugin 
angular-compiler][0m

    src/app/features/cr
m/clientes-list/cliente
s-list.component.ts:13:
42:
[37m      13 Ôöé 
...erModule, [32mLucid
eAngularModule.pick({ 
KanbanSquare, Plus, 
Search[37m...
         ÔòÁ           
   [32m~~~~~~~~~~~~~~~
~~~~~~~~~~~~~~~~~~~~~~~
~~~~~~~~~~~~~~~[0m


[31mX [41;31m[[41;97
mERROR[41;31m][0m 
[1mTS2322: Type 'Modul
eWithProviders<LucideAn
gularModule>' is not 
assignable to type 
'readonly any[] | 
Type<any>'.[0m 
[1m[35m[plugin 
angular-compiler][0m

    src/app/features/cr
m/clientes-list/cliente
s-list.component.ts:13:
42:
[37m      13 Ôöé 
...erModule, [32mLucid
eAngularModule.pick({ 
KanbanSquare, Plus, 
Search[37m...
         ÔòÁ           
   [32m~~~~~~~~~~~~~~~
~~~~~~~~~~~~~~~~~~~~~~~
~~~~~~~~~~~~~~~[0m


[31mX [41;31m[[41;97
mERROR[41;31m][0m 
[1mNG2012: Component 
imports contains a 
ModuleWithProviders 
value, likely the 
result of a 'Module.for
Root()'-style call. 
These calls are not 
used to configure 
components and are not 
valid in standalone 
component imports - 
consider importing 
them in the 
application bootstrap 
instead.[0m 
[1m[35m[plugin 
angular-compiler][0m

    src/app/features/cr
m/clientes-list/cliente
s-list.ts:14:51:
[37m      14 Ôöé 
...uterLink, [32mLucid
eAngularModule.pick({ 
Edit2, Eye, Plus, 
Search }[37m...
         ÔòÁ           
   [32m~~~~~~~~~~~~~~~
~~~~~~~~~~~~~~~~~~~~~~~
~~~~~~~~~~~~~~~[0m


[31mX [41;31m[[41;97
mERROR[41;31m][0m 
[1mTS2322: Type 'Modul
eWithProviders<LucideAn
gularModule>' is not 
assignable to type 
'readonly any[] | 
Type<any>'.[0m 
[1m[35m[plugin 
angular-compiler][0m

    src/app/features/cr
m/clientes-list/cliente
s-list.ts:14:51:
[37m      14 Ôöé 
...uterLink, [32mLucid
eAngularModule.pick({ 
Edit2, Eye, Plus, 
Search }[37m...
         ÔòÁ           
   [32m~~~~~~~~~~~~~~~
~~~~~~~~~~~~~~~~~~~~~~~
~~~~~~~~~~~~~~~[0m


[31mX [41;31m[[41;97
mERROR[41;31m][0m 
[1mNG2012: Component 
imports contains a 
ModuleWithProviders 
value, likely the 
result of a 'Module.for
Root()'-style call. 
These calls are not 
used to configure 
components and are not 
valid in standalone 
component imports - 
consider importing 
them in the 
application bootstrap 
instead.[0m 
[1m[35m[plugin 
angular-compiler][0m

    src/app/features/cr
m/components/propuesta-
modal/propuesta-modal.c
omponent.ts:14:41:
[37m      14 Ôöé 
...msModule, [32mLucid
eAngularModule.pick({ 
Copy, FileDown, 
FileSearch[37m...
         ÔòÁ           
   [32m~~~~~~~~~~~~~~~
~~~~~~~~~~~~~~~~~~~~~~~
~~~~~~~~~~~~~~~[0m


[31mX [41;31m[[41;97
mERROR[41;31m][0m 
[1mTS2322: Type 'Modul
eWithProviders<LucideAn
gularModule>' is not 
assignable to type 
'readonly any[] | 
Type<any>'.[0m 
[1m[35m[plugin 
angular-compiler][0m

    src/app/features/cr
m/components/propuesta-
modal/propuesta-modal.c
omponent.ts:14:41:
[37m      14 Ôöé 
...msModule, [32mLucid
eAngularModule.pick({ 
Copy, FileDown, 
FileSearch[37m...
         ÔòÁ           
   [32m~~~~~~~~~~~~~~~
~~~~~~~~~~~~~~~~~~~~~~~
~~~~~~~~~~~~~~~[0m


[31mX [41;31m[[41;97
mERROR[41;31m][0m 
[1mNG2012: Component 
imports contains a 
ModuleWithProviders 
value, likely the 
result of a 'Module.for
Root()'-style call. 
These calls are not 
used to configure 
components and are not 
valid in standalone 
component imports - 
consider importing 
them in the 
application bootstrap 
instead.[0m 
[1m[35m[plugin 
angular-compiler][0m

    src/app/features/cr
m/components/upselling-
widget/upselling-widget
.component.ts:11:42:
[37m      11 Ôöé 
...erModule, [32mLucid
eAngularModule.pick({ 
ArrowRight, 
CheckCircle, L[37m...
         ÔòÁ           
   [32m~~~~~~~~~~~~~~~
~~~~~~~~~~~~~~~~~~~~~~~
~~~~~~~~~~~~~~~[0m


[31mX [41;31m[[41;97
mERROR[41;31m][0m 
[1mTS2322: Type 'Modul
eWithProviders<LucideAn
gularModule>' is not 
assignable to type 
'readonly any[] | 
Type<any>'.[0m 
[1m[35m[plugin 
angular-compiler][0m

    src/app/features/cr
m/components/upselling-
widget/upselling-widget
.component.ts:11:42:
[37m      11 Ôöé 
...erModule, [32mLucid
eAngularModule.pick({ 
ArrowRight, 
CheckCircle, L[37m...
         ÔòÁ           
   [32m~~~~~~~~~~~~~~~
~~~~~~~~~~~~~~~~~~~~~~~
~~~~~~~~~~~~~~~[0m


[31mX [41;31m[[41;97
mERROR[41;31m][0m 
[1mNG2012: Component 
imports contains a 
ModuleWithProviders 
value, likely the 
result of a 'Module.for
Root()'-style call. 
These calls are not 
used to configure 
components and are not 
valid in standalone 
component imports - 
consider importing 
them in the 
application bootstrap 
instead.[0m 
[1m[35m[plugin 
angular-compiler][0m

    src/app/features/cr
m/pipeline-kanban/pipel
ine-kanban.component.ts
:13:28:
[37m      13 Ôöé 
...onModule, [32mLucid
eAngularModule.pick({ 
ArrowLeftCircle, 
ArrowRigh[37m...
         ÔòÁ           
   [32m~~~~~~~~~~~~~~~
~~~~~~~~~~~~~~~~~~~~~~~
~~~~~~~~~~~~~~~[0m


[31mX [41;31m[[41;97
mERROR[41;31m][0m 
[1mTS2322: Type 'Modul
eWithProviders<LucideAn
gularModule>' is not 
assignable to type 
'readonly any[] | 
Type<any>'.[0m 
[1m[35m[plugin 
angular-compiler][0m

    src/app/features/cr
m/pipeline-kanban/pipel
ine-kanban.component.ts
:13:28:
[37m      13 Ôöé 
...onModule, [32mLucid
eAngularModule.pick({ 
ArrowLeftCircle, 
ArrowRigh[37m...
         ÔòÁ           
   [32m~~~~~~~~~~~~~~~
~~~~~~~~~~~~~~~~~~~~~~~
~~~~~~~~~~~~~~~[0m


[31mX [41;31m[[41;97
mERROR[41;31m][0m 
[1mNG2012: Component 
imports contains a 
ModuleWithProviders 
value, likely the 
result of a 'Module.for
Root()'-style call. 
These calls are not 
used to configure 
components and are not 
valid in standalone 
component imports - 
consider importing 
them in the 
application bootstrap 
instead.[0m 
[1m[35m[plugin 
angular-compiler][0m

    src/app/features/da
shboard/dashboard.compo
nent.ts:17:28:
[37m      17 Ôöé 
...onModule, [32mLucid
eAngularModule.pick({ 
ArrowUpFromLine, 
Briefcase[37m...
         ÔòÁ           
   [32m~~~~~~~~~~~~~~~
~~~~~~~~~~~~~~~~~~~~~~~
~~~~~~~~~~~~~~~[0m


[31mX [41;31m[[41;97
mERROR[41;31m][0m 
[1mTS2322: Type 'Modul
eWithProviders<LucideAn
gularModule>' is not 
assignable to type 
'readonly any[] | 
Type<any>'.[0m 
[1m[35m[plugin 
angular-compiler][0m

    src/app/features/da
shboard/dashboard.compo
nent.ts:17:28:
[37m      17 Ôöé 
...onModule, [32mLucid
eAngularModule.pick({ 
ArrowUpFromLine, 
Briefcase[37m...
         ÔòÁ           
   [32m~~~~~~~~~~~~~~~
~~~~~~~~~~~~~~~~~~~~~~~
~~~~~~~~~~~~~~~[0m


[31mX [41;31m[[41;97
mERROR[41;31m][0m 
[1mNG2012: Component 
imports contains a 
ModuleWithProviders 
value, likely the 
result of a 'Module.for
Root()'-style call. 
These calls are not 
used to configure 
components and are not 
valid in standalone 
component imports - 
consider importing 
them in the 
application bootstrap 
instead.[0m 
[1m[35m[plugin 
angular-compiler][0m

    src/app/features/da
shboard/forecast/foreca
st.component.ts:12:28:
[37m      12 Ôöé 
...onModule, [32mLucid
eAngularModule.pick({ 
AlertTriangle, Bell, 
Bot, [37m...
         ÔòÁ           
   [32m~~~~~~~~~~~~~~~
~~~~~~~~~~~~~~~~~~~~~~~
~~~~~~~~~~~~~~~[0m


[31mX [41;31m[[41;97
mERROR[41;31m][0m 
[1mTS2322: Type 'Modul
eWithProviders<LucideAn
gularModule>' is not 
assignable to type 
'readonly any[] | 
Type<any>'.[0m 
[1m[35m[plugin 
angular-compiler][0m

    src/app/features/da
shboard/forecast/foreca
st.component.ts:12:28:
[37m      12 Ôöé 
...onModule, [32mLucid
eAngularModule.pick({ 
AlertTriangle, Bell, 
Bot, [37m...
         ÔòÁ           
   [32m~~~~~~~~~~~~~~~
~~~~~~~~~~~~~~~~~~~~~~~
~~~~~~~~~~~~~~~[0m


[31mX [41;31m[[41;97
mERROR[41;31m][0m 
[1mNG8001: 
'lucide-icon' is not a 
known element:
1. If 'lucide-icon' is 
an Angular component, 
then verify that it is 
included in the 
'@Component.imports' 
of this component.
2. If 'lucide-icon' is 
a Web Component then 
add 'CUSTOM_ELEMENTS_SC
HEMA' to the 
'@Component.schemas' 
of this component to 
suppress this 
message.[0m 
[1m[35m[plugin 
angular-compiler][0m

    src/app/features/es
g/sostenibilidad-valida
tor/sostenibilidad-vali
dator.html:10:12:
[37m      10 Ôöé      
       
[32m<lucide-icon 
name="leaf" class="w-5 
h-5 
opacity-80">[37m</...
         ÔòÁ           
  [32m~~~~~~~~~~~~~~~~
~~~~~~~~~~~~~~~~~~~~~~~
~~~~~~~~~~~~~[0m

  Error occurs in the 
template of component S
ostenibilidadValidator.

    src/app/features/es
g/sostenibilidad-valida
tor/sostenibilidad-vali
dator.ts:6:15:
[37m      6 Ôöé   
templateUrl: [32m'./so
stenibilidad-validator.
html'[37m,
        ÔòÁ            
    [32m~~~~~~~~~~~~~~
~~~~~~~~~~~~~~~~~~~[0m


[31mX [41;31m[[41;97
mERROR[41;31m][0m 
[1mNG8001: 
'lucide-icon' is not a 
known element:
1. If 'lucide-icon' is 
an Angular component, 
then verify that it is 
included in the 
'@Component.imports' 
of this component.
2. If 'lucide-icon' is 
a Web Component then 
add 'CUSTOM_ELEMENTS_SC
HEMA' to the 
'@Component.schemas' 
of this component to 
suppress this 
message.[0m 
[1m[35m[plugin 
angular-compiler][0m

    src/app/features/es
g/sostenibilidad-valida
tor/sostenibilidad-vali
dator.html:24:20:
[37m      24 Ôöé ...  
         
[32m<lucide-icon 
name="x-circle" [size]=
"32">[37m</lucide-icon
>
         ÔòÁ           
    [32m~~~~~~~~~~~~~~
~~~~~~~~~~~~~~~~~~~~~~~
~~~~[0m

  Error occurs in the 
template of component S
ostenibilidadValidator.

    src/app/features/es
g/sostenibilidad-valida
tor/sostenibilidad-vali
dator.ts:6:15:
[37m      6 Ôöé   
templateUrl: [32m'./so
stenibilidad-validator.
html'[37m,
        ÔòÁ            
    [32m~~~~~~~~~~~~~~
~~~~~~~~~~~~~~~~~~~[0m


[31mX [41;31m[[41;97
mERROR[41;31m][0m 
[1mNG8002: Can't bind 
to 'size' since it 
isn't a known property 
of 'lucide-icon'.
1. If 'lucide-icon' is 
an Angular component 
and it has 'size' 
input, then verify 
that it is included in 
the 
'@Component.imports' 
of this component.
2. If 'lucide-icon' is 
a Web Component then 
add 'CUSTOM_ELEMENTS_SC
HEMA' to the 
'@Component.schemas' 
of this component to 
suppress this message.
3. To allow any 
property add 
'NO_ERRORS_SCHEMA' to 
the 
'@Component.schemas' 
of this component.[0m 
[1m[35m[plugin 
angular-compiler][0m

    src/app/features/es
g/sostenibilidad-valida
tor/sostenibilidad-vali
dator.html:24:49:
[37m      24 Ôöé ...  
         <lucide-icon 
name="x-circle" [32m[s
ize]="32"[37m></lucide
-icon>
         ÔòÁ           
                       
          
[32m~~~~~~~~~~~[0m

  Error occurs in the 
template of component S
ostenibilidadValidator.

    src/app/features/es
g/sostenibilidad-valida
tor/sostenibilidad-vali
dator.ts:6:15:
[37m      6 Ôöé   
templateUrl: [32m'./so
stenibilidad-validator.
html'[37m,
        ÔòÁ            
    [32m~~~~~~~~~~~~~~
~~~~~~~~~~~~~~~~~~~[0m


[31mX [41;31m[[41;97
mERROR[41;31m][0m 
[1mTS2339: Property 
'hashSegment' does not 
exist on type 'Sostenib
ilidadValidator'.[0m 
[1m[35m[plugin 
angular-compiler][0m

    src/app/features/es
g/sostenibilidad-valida
tor/sostenibilidad-vali
dator.html:28:37:
[37m      28 Ôöé ...  
       El Hash 
<code>{{ 
[32mhashSegment[37m 
|| 'N/A' | 
slice:0:15}}.....
         ÔòÁ           
                   
[32m~~~~~~~~~~~[0m

  Error occurs in the 
template of component S
ostenibilidadValidator.

    src/app/features/es
g/sostenibilidad-valida
tor/sostenibilidad-vali
dator.ts:6:15:
[37m      6 Ôöé   
templateUrl: [32m'./so
stenibilidad-validator.
html'[37m,
        ÔòÁ            
    [32m~~~~~~~~~~~~~~
~~~~~~~~~~~~~~~~~~~[0m


[31mX [41;31m[[41;97
mERROR[41;31m][0m 
[1mNG8004: No pipe 
found with name 
'slice'.
To fix this, import 
the "SlicePipe" class 
from "@angular/common" 
and add it to the 
"imports" array of the 
component.[0m 
[1m[35m[plugin 
angular-compiler][0m

    src/app/features/es
g/sostenibilidad-valida
tor/sostenibilidad-vali
dator.html:28:60:
[37m      28 Ôöé 
...de>{{ hashSegment 
|| 'N/A' | [32mslice[
37m:0:15}}...</code> 
no retorn├│...
         ÔòÁ           
                      
[32m~~~~~[0m

  Error occurs in the 
template of component S
ostenibilidadValidator.

    src/app/features/es
g/sostenibilidad-valida
tor/sostenibilidad-vali
dator.ts:6:15:
[37m      6 Ôöé   
templateUrl: [32m'./so
stenibilidad-validator.
html'[37m,
        ÔòÁ            
    [32m~~~~~~~~~~~~~~
~~~~~~~~~~~~~~~~~~~[0m


[31mX [41;31m[[41;97
mERROR[41;31m][0m 
[1mNG8001: 
'lucide-icon' is not a 
known element:
1. If 'lucide-icon' is 
an Angular component, 
then verify that it is 
included in the 
'@Component.imports' 
of this component.
2. If 'lucide-icon' is 
a Web Component then 
add 'CUSTOM_ELEMENTS_SC
HEMA' to the 
'@Component.schemas' 
of this component to 
suppress this 
message.[0m 
[1m[35m[plugin 
angular-compiler][0m

    src/app/features/es
g/sostenibilidad-valida
tor/sostenibilidad-vali
dator.html:42:24:
[37m      42 Ôöé ...  
        
[32m<lucide-icon 
name="shield-check" [si
ze]="40">[37m</lucide.
..
         ÔòÁ           
   [32m~~~~~~~~~~~~~~~
~~~~~~~~~~~~~~~~~~~~~~~
~~~~~~~[0m

  Error occurs in the 
template of component S
ostenibilidadValidator.

    src/app/features/es
g/sostenibilidad-valida
tor/sostenibilidad-vali
dator.ts:6:15:
[37m      6 Ôöé   
templateUrl: [32m'./so
stenibilidad-validator.
html'[37m,
        ÔòÁ            
    [32m~~~~~~~~~~~~~~
~~~~~~~~~~~~~~~~~~~[0m


[31mX [41;31m[[41;97
mERROR[41;31m][0m 
[1mNG8002: Can't bind 
to 'size' since it 
isn't a known property 
of 'lucide-icon'.
1. If 'lucide-icon' is 
an Angular component 
and it has 'size' 
input, then verify 
that it is included in 
the 
'@Component.imports' 
of this component.
2. If 'lucide-icon' is 
a Web Component then 
add 'CUSTOM_ELEMENTS_SC
HEMA' to the 
'@Component.schemas' 
of this component to 
suppress this message.
3. To allow any 
property add 
'NO_ERRORS_SCHEMA' to 
the 
'@Component.schemas' 
of this component.[0m 
[1m[35m[plugin 
angular-compiler][0m

    src/app/features/es
g/sostenibilidad-valida
tor/sostenibilidad-vali
dator.html:42:57:
[37m      42 Ôöé ...  
     <lucide-icon 
name="shield-check" [3
2m[size]="40"[37m></lu
cide-icon>
         ÔòÁ           
                       
          
[32m~~~~~~~~~~~[0m

  Error occurs in the 
template of component S
ostenibilidadValidator.

    src/app/features/es
g/sostenibilidad-valida
tor/sostenibilidad-vali
dator.ts:6:15:
[37m      6 Ôöé   
templateUrl: [32m'./so
stenibilidad-validator.
html'[37m,
        ÔòÁ            
    [32m~~~~~~~~~~~~~~
~~~~~~~~~~~~~~~~~~~[0m


[31mX [41;31m[[41;97
mERROR[41;31m][0m 
[1mNG8001: 
'lucide-icon' is not a 
known element:
1. If 'lucide-icon' is 
an Angular component, 
then verify that it is 
included in the 
'@Component.imports' 
of this component.
2. If 'lucide-icon' is 
a Web Component then 
add 'CUSTOM_ELEMENTS_SC
HEMA' to the 
'@Component.schemas' 
of this component to 
suppress this 
message.[0m 
[1m[35m[plugin 
angular-compiler][0m

    src/app/features/es
g/sostenibilidad-valida
tor/sostenibilidad-vali
dator.html:45:24:
[37m      45 Ôöé ...  
        
[32m<lucide-icon 
name="check-circle" 
class="w-6 h-6 
text-[37m...
         ÔòÁ           
   [32m~~~~~~~~~~~~~~~
~~~~~~~~~~~~~~~~~~~~~~~
~~~~~~~~~~~~~~~[0m

  Error occurs in the 
template of component S
ostenibilidadValidator.

    src/app/features/es
g/sostenibilidad-valida
tor/sostenibilidad-vali
dator.ts:6:15:
[37m      6 Ôöé   
templateUrl: [32m'./so
stenibilidad-validator.
html'[37m,
        ÔòÁ            
    [32m~~~~~~~~~~~~~~
~~~~~~~~~~~~~~~~~~~[0m


[31mX [41;31m[[41;97
mERROR[41;31m][0m 
[1mTS2339: Property 
'esgRecord' does not 
exist on type 'Sostenib
ilidadValidator'.[0m 
[1m[35m[plugin 
angular-compiler][0m

    src/app/features/es
g/sostenibilidad-valida
tor/sostenibilidad-vali
dator.html:55:68:
[37m      55 Ôöé 
...-bold 
text-txt-primary">{{ [
32mesgRecord[37m.mes 
}} / {{ 
esgRecord.anio...
         ÔòÁ           
                    
[32m~~~~~~~~~[0m

  Error occurs in the 
template of component S
ostenibilidadValidator.

    src/app/features/es
g/sostenibilidad-valida
tor/sostenibilidad-vali
dator.ts:6:15:
[37m      6 Ôöé   
templateUrl: [32m'./so
stenibilidad-validator.
html'[37m,
        ÔòÁ            
    [32m~~~~~~~~~~~~~~
~~~~~~~~~~~~~~~~~~~[0m


[31mX [41;31m[[41;97
mERROR[41;31m][0m 
[1mTS2339: Property 
'esgRecord' does not 
exist on type 'Sostenib
ilidadValidator'.[0m 
[1m[35m[plugin 
angular-compiler][0m

    src/app/features/es
g/sostenibilidad-valida
tor/sostenibilidad-vali
dator.html:55:90:
[37m      55 Ôöé 
...ext-txt-primary">{{ 
esgRecord.mes }} / {{ 
[32mesgRecord[37m.anio
 }}</span>
         ÔòÁ           
                       
            
[32m~~~~~~~~~[0m

  Error occurs in the 
template of component S
ostenibilidadValidator.

    src/app/features/es
g/sostenibilidad-valida
tor/sostenibilidad-vali
dator.ts:6:15:
[37m      6 Ôöé   
templateUrl: [32m'./so
stenibilidad-validator.
html'[37m,
        ÔòÁ            
    [32m~~~~~~~~~~~~~~
~~~~~~~~~~~~~~~~~~~[0m


[31mX [41;31m[[41;97
mERROR[41;31m][0m 
[1mTS2339: Property 
'esgRecord' does not 
exist on type 'Sostenib
ilidadValidator'.[0m 
[1m[35m[plugin 
angular-compiler][0m

    src/app/features/es
g/sostenibilidad-valida
tor/sostenibilidad-vali
dator.html:59:67:
[37m      59 Ôöé 
...t-black 
text-green-600">{{ [32
mesgRecord[37m.totalCa
rbonoKgCO2eq | numb...
         ÔòÁ           
                    
[32m~~~~~~~~~[0m

  Error occurs in the 
template of component S
ostenibilidadValidator.

    src/app/features/es
g/sostenibilidad-valida
tor/sostenibilidad-vali
dator.ts:6:15:
[37m      6 Ôöé   
templateUrl: [32m'./so
stenibilidad-validator.
html'[37m,
        ÔòÁ            
    [32m~~~~~~~~~~~~~~
~~~~~~~~~~~~~~~~~~~[0m


[31mX [41;31m[[41;97
mERROR[41;31m][0m 
[1mNG8004: No pipe 
found with name 
'number'.
To fix this, import 
the "DecimalPipe" 
class from 
"@angular/common" and 
add it to the 
"imports" array of the 
component.[0m 
[1m[35m[plugin 
angular-compiler][0m

    src/app/features/es
g/sostenibilidad-valida
tor/sostenibilidad-vali
dator.html:59:99:
[37m      59 Ôöé 
...green-600">{{ esgRec
ord.totalCarbonoKgCO2eq
 | [32mnumber[37m:'1.
2-2' }} kg
         ÔòÁ           
                       
                
[32m~~~~~~[0m

  Error occurs in the 
template of component S
ostenibilidadValidator.

    src/app/features/es
g/sostenibilidad-valida
tor/sostenibilidad-vali
dator.ts:6:15:
[37m      6 Ôöé   
templateUrl: [32m'./so
stenibilidad-validator.
html'[37m,
        ÔòÁ            
    [32m~~~~~~~~~~~~~~
~~~~~~~~~~~~~~~~~~~[0m


[31mX [41;31m[[41;97
mERROR[41;31m][0m 
[1mTS2339: Property 
'hashSegment' does not 
exist on type 'Sostenib
ilidadValidator'.[0m 
[1m[35m[plugin 
angular-compiler][0m

    src/app/features/es
g/sostenibilidad-valida
tor/sostenibilidad-vali
dator.html:65:34:
[37m      65 Ôöé      
                       
...{{ 
[32mhashSegment[37m 
| slice:-12 }}
         ÔòÁ           
                       
 [32m~~~~~~~~~~~[0m

  Error occurs in the 
template of component S
ostenibilidadValidator.

    src/app/features/es
g/sostenibilidad-valida
tor/sostenibilidad-vali
dator.ts:6:15:
[37m      6 Ôöé   
templateUrl: [32m'./so
stenibilidad-validator.
html'[37m,
        ÔòÁ            
    [32m~~~~~~~~~~~~~~
~~~~~~~~~~~~~~~~~~~[0m


[31mX [41;31m[[41;97
mERROR[41;31m][0m 
[1mNG8004: No pipe 
found with name 
'slice'.
To fix this, import 
the "SlicePipe" class 
from "@angular/common" 
and add it to the 
"imports" array of the 
component.[0m 
[1m[35m[plugin 
angular-compiler][0m

    src/app/features/es
g/sostenibilidad-valida
tor/sostenibilidad-vali
dator.html:65:48:
[37m      65 Ôöé      
                       
...{{ hashSegment | 
[32mslice[37m:-12 }}
         ÔòÁ           
                       
               
[32m~~~~~[0m

  Error occurs in the 
template of component S
ostenibilidadValidator.

    src/app/features/es
g/sostenibilidad-valida
tor/sostenibilidad-vali
dator.ts:6:15:
[37m      6 Ôöé   
templateUrl: [32m'./so
stenibilidad-validator.
html'[37m,
        ÔòÁ            
    [32m~~~~~~~~~~~~~~
~~~~~~~~~~~~~~~~~~~[0m


[31mX [41;31m[[41;97
mERROR[41;31m][0m 
[1mTS2339: Property 
'esgRecord' does not 
exist on type 'Sostenib
ilidadValidator'.[0m 
[1m[35m[plugin 
angular-compiler][0m

    src/app/features/es
g/sostenibilidad-valida
tor/sostenibilidad-vali
dator.html:75:27:
[37m      75 Ôöé      
           <a [href]="
[32mesgRecord[37m.fact
uraUrl" 
target="_blank" *...
         ÔòÁ           
                 
[32m~~~~~~~~~[0m

  Error occurs in the 
template of component S
ostenibilidadValidator.

    src/app/features/es
g/sostenibilidad-valida
tor/sostenibilidad-vali
dator.ts:6:15:
[37m      6 Ôöé   
templateUrl: [32m'./so
stenibilidad-validator.
html'[37m,
        ÔòÁ            
    [32m~~~~~~~~~~~~~~
~~~~~~~~~~~~~~~~~~~[0m


[31mX [41;31m[[41;97
mERROR[41;31m][0m 
[1mNG8001: 
'lucide-icon' is not a 
known element:
1. If 'lucide-icon' is 
an Angular component, 
then verify that it is 
included in the 
'@Component.imports' 
of this component.
2. If 'lucide-icon' is 
a Web Component then 
add 'CUSTOM_ELEMENTS_SC
HEMA' to the 
'@Component.schemas' 
of this component to 
suppress this 
message.[0m 
[1m[35m[plugin 
angular-compiler][0m

    src/app/features/es
g/sostenibilidad-valida
tor/sostenibilidad-vali
dator.html:78:24:
[37m      78 Ôöé ...  
        
[32m<lucide-icon 
name="download" 
class="w-4 h-4 
mr-2">[37m</l...
         ÔòÁ           
   [32m~~~~~~~~~~~~~~~
~~~~~~~~~~~~~~~~~~~~~~~
~~~~~~~~~~~~[0m

  Error occurs in the 
template of component S
ostenibilidadValidator.

    src/app/features/es
g/sostenibilidad-valida
tor/sostenibilidad-vali
dator.ts:6:15:
[37m      6 Ôöé   
templateUrl: [32m'./so
stenibilidad-validator.
html'[37m,
        ÔòÁ            
    [32m~~~~~~~~~~~~~~
~~~~~~~~~~~~~~~~~~~[0m


[31mX [41;31m[[41;97
mERROR[41;31m][0m 
[1mTS2339: Property 
'esgRecord' does not 
exist on type 'Sostenib
ilidadValidator'.[0m 
[1m[35m[plugin 
angular-compiler][0m

    src/app/features/es
g/sostenibilidad-valida
tor/sostenibilidad-vali
dator.html:87:33:
[37m      87 Ôöé ...  
    <span>Emitido el 
{{ ([32mesgRecord[37m
?.fechaCalculo?.toDate(
) | ...
         ÔòÁ           
                    
[32m~~~~~~~~~[0m

  Error occurs in the 
template of component S
ostenibilidadValidator.

    src/app/features/es
g/sostenibilidad-valida
tor/sostenibilidad-vali
dator.ts:6:15:
[37m      6 Ôöé   
templateUrl: [32m'./so
stenibilidad-validator.
html'[37m,
        ÔòÁ            
    [32m~~~~~~~~~~~~~~
~~~~~~~~~~~~~~~~~~~[0m


[31mX [41;31m[[41;97
mERROR[41;31m][0m 
[1mNG8004: No pipe 
found with name 'date'.
To fix this, import 
the "DatePipe" class 
from "@angular/common" 
and add it to the 
"imports" array of the 
component.[0m 
[1m[35m[plugin 
angular-compiler][0m

    src/app/features/es
g/sostenibilidad-valida
tor/sostenibilidad-vali
dator.html:87:69:
[37m      87 Ôöé ...or
d?.fechaCalculo?.toDate
() | [32mdate[37m:'sh
ortDate') || 'N/A' 
}}</span>
         ÔòÁ           
                       
[32m~~~~[0m

  Error occurs in the 
template of component S
ostenibilidadValidator.

    src/app/features/es
g/sostenibilidad-valida
tor/sostenibilidad-vali
dator.ts:6:15:
[37m      6 Ôöé   
templateUrl: [32m'./so
stenibilidad-validator.
html'[37m,
        ÔòÁ            
    [32m~~~~~~~~~~~~~~
~~~~~~~~~~~~~~~~~~~[0m


[31mX [41;31m[[41;97
mERROR[41;31m][0m 
[1mNG2012: Component 
imports contains a 
ModuleWithProviders 
value, likely the 
result of a 'Module.for
Root()'-style call. 
These calls are not 
used to configure 
components and are not 
valid in standalone 
component imports - 
consider importing 
them in the 
application bootstrap 
instead.[0m 
[1m[35m[plugin 
angular-compiler][0m

    src/app/features/fa
cturas/factura-form/fac
tura-form.component.ts:
15:63:
[37m      15 Ôöé 
...erModule, [32mLucid
eAngularModule.pick({ 
ArrowLeft, Loader2, 
Plus, [37m...
         ÔòÁ           
   [32m~~~~~~~~~~~~~~~
~~~~~~~~~~~~~~~~~~~~~~~
~~~~~~~~~~~~~~~[0m


[31mX [41;31m[[41;97
mERROR[41;31m][0m 
[1mTS2322: Type 'Modul
eWithProviders<LucideAn
gularModule>' is not 
assignable to type 
'readonly any[] | 
Type<any>'.[0m 
[1m[35m[plugin 
angular-compiler][0m

    src/app/features/fa
cturas/factura-form/fac
tura-form.component.ts:
15:63:
[37m      15 Ôöé 
...erModule, [32mLucid
eAngularModule.pick({ 
ArrowLeft, Loader2, 
Plus, [37m...
         ÔòÁ           
   [32m~~~~~~~~~~~~~~~
~~~~~~~~~~~~~~~~~~~~~~~
~~~~~~~~~~~~~~~[0m


[31mX [41;31m[[41;97
mERROR[41;31m][0m 
[1mNG2012: Component 
imports contains a 
ModuleWithProviders 
value, likely the 
result of a 'Module.for
Root()'-style call. 
These calls are not 
used to configure 
components and are not 
valid in standalone 
component imports - 
consider importing 
them in the 
application bootstrap 
instead.[0m 
[1m[35m[plugin 
angular-compiler][0m

    src/app/features/fa
cturas/factura-view/fac
tura-view.component.ts:
15:42:
[37m      15 Ôöé 
...erModule, [32mLucid
eAngularModule.pick({ 
ArrowLeft, Ban, 
Calendar, [37m...
         ÔòÁ           
   [32m~~~~~~~~~~~~~~~
~~~~~~~~~~~~~~~~~~~~~~~
~~~~~~~~~~~~~~~[0m


[31mX [41;31m[[41;97
mERROR[41;31m][0m 
[1mTS2322: Type 'Modul
eWithProviders<LucideAn
gularModule>' is not 
assignable to type 
'readonly any[] | 
Type<any>'.[0m 
[1m[35m[plugin 
angular-compiler][0m

    src/app/features/fa
cturas/factura-view/fac
tura-view.component.ts:
15:42:
[37m      15 Ôöé 
...erModule, [32mLucid
eAngularModule.pick({ 
ArrowLeft, Ban, 
Calendar, [37m...
         ÔòÁ           
   [32m~~~~~~~~~~~~~~~
~~~~~~~~~~~~~~~~~~~~~~~
~~~~~~~~~~~~~~~[0m


[31mX [41;31m[[41;97
mERROR[41;31m][0m 
[1mNG2012: Component 
imports contains a 
ModuleWithProviders 
value, likely the 
result of a 'Module.for
Root()'-style call. 
These calls are not 
used to configure 
components and are not 
valid in standalone 
component imports - 
consider importing 
them in the 
application bootstrap 
instead.[0m 
[1m[35m[plugin 
angular-compiler][0m

    src/app/features/fa
cturas/facturas-list/fa
cturas-list.component.t
s:15:42:
[37m      15 Ôöé 
...erModule, [32mLucid
eAngularModule.pick({ 
Loader2, Plus, Receipt 
})[37m,...
         ÔòÁ           
   [32m~~~~~~~~~~~~~~~
~~~~~~~~~~~~~~~~~~~~~~~
~~~~~~~~~~~~~~[0m


[31mX [41;31m[[41;97
mERROR[41;31m][0m 
[1mTS2322: Type 'Modul
eWithProviders<LucideAn
gularModule>' is not 
assignable to type 
'readonly any[] | 
Type<any>'.[0m 
[1m[35m[plugin 
angular-compiler][0m

    src/app/features/fa
cturas/facturas-list/fa
cturas-list.component.t
s:15:42:
[37m      15 Ôöé 
...erModule, [32mLucid
eAngularModule.pick({ 
Loader2, Plus, Receipt 
})[37m,...
         ÔòÁ           
   [32m~~~~~~~~~~~~~~~
~~~~~~~~~~~~~~~~~~~~~~~
~~~~~~~~~~~~~~[0m


[31mX [41;31m[[41;97
mERROR[41;31m][0m 
[1mNG2012: Component 
imports contains a 
ModuleWithProviders 
value, likely the 
result of a 'Module.for
Root()'-style call. 
These calls are not 
used to configure 
components and are not 
valid in standalone 
component imports - 
consider importing 
them in the 
application bootstrap 
instead.[0m 
[1m[35m[plugin 
angular-compiler][0m

    src/app/features/fi
nanzas/transacciones-li
st/transacciones-list.t
s:14:26:
[37m      14 Ôöé 
...onModule, [32mLucid
eAngularModule.pick({ 
LineChart, Plus 
})[37m, Router...
         ÔòÁ           
   [32m~~~~~~~~~~~~~~~
~~~~~~~~~~~~~~~~~~~~~~~
~~~~~~~[0m


[31mX [41;31m[[41;97
mERROR[41;31m][0m 
[1mTS2322: Type 'Modul
eWithProviders<LucideAn
gularModule>' is not 
assignable to type 
'readonly any[] | 
Type<any>'.[0m 
[1m[35m[plugin 
angular-compiler][0m

    src/app/features/fi
nanzas/transacciones-li
st/transacciones-list.t
s:14:26:
[37m      14 Ôöé 
...onModule, [32mLucid
eAngularModule.pick({ 
LineChart, Plus 
})[37m, Router...
         ÔòÁ           
   [32m~~~~~~~~~~~~~~~
~~~~~~~~~~~~~~~~~~~~~~~
~~~~~~~[0m


[31mX [41;31m[[41;97
mERROR[41;31m][0m 
[1mNG2012: Component 
imports contains a 
ModuleWithProviders 
value, likely the 
result of a 'Module.for
Root()'-style call. 
These calls are not 
used to configure 
components and are not 
valid in standalone 
component imports - 
consider importing 
them in the 
application bootstrap 
instead.[0m 
[1m[35m[plugin 
angular-compiler][0m

    src/app/features/po
rtal-cliente/portal-das
hboard/portal-dashboard
.component.ts:9:28:
[37m      9 Ôöé 
...monModule, [32mLuci
deAngularModule.pick({ 
Briefcase, 
CheckCircle, Fo[37m...
        ÔòÁ            
   [32m~~~~~~~~~~~~~~~
~~~~~~~~~~~~~~~~~~~~~~~
~~~~~~~~~~~~~~~[0m


[31mX [41;31m[[41;97
mERROR[41;31m][0m 
[1mTS2322: Type 'Modul
eWithProviders<LucideAn
gularModule>' is not 
assignable to type 
'readonly any[] | 
Type<any>'.[0m 
[1m[35m[plugin 
angular-compiler][0m

    src/app/features/po
rtal-cliente/portal-das
hboard/portal-dashboard
.component.ts:9:28:
[37m      9 Ôöé 
...monModule, [32mLuci
deAngularModule.pick({ 
Briefcase, 
CheckCircle, Fo[37m...
        ÔòÁ            
   [32m~~~~~~~~~~~~~~~
~~~~~~~~~~~~~~~~~~~~~~~
~~~~~~~~~~~~~~~[0m


[31mX [41;31m[[41;97
mERROR[41;31m][0m 
[1mNG2012: Component 
imports contains a 
ModuleWithProviders 
value, likely the 
result of a 'Module.for
Root()'-style call. 
These calls are not 
used to configure 
components and are not 
valid in standalone 
component imports - 
consider importing 
them in the 
application bootstrap 
instead.[0m 
[1m[35m[plugin 
angular-compiler][0m

    src/app/features/po
rtal-cliente/portal-doc
umentos/portal-document
os.component.ts:13:28:
[37m      13 Ôöé 
...onModule, [32mLucid
eAngularModule.pick({ 
FileSignature })[37m, 
LoadingS...
         ÔòÁ           
   [32m~~~~~~~~~~~~~~~
~~~~~~~~~~~~~~~~~~~~~~~
~~~~~[0m


[31mX [41;31m[[41;97
mERROR[41;31m][0m 
[1mTS2322: Type 'Modul
eWithProviders<LucideAn
gularModule>' is not 
assignable to type 
'readonly any[] | 
Type<any>'.[0m 
[1m[35m[plugin 
angular-compiler][0m

    src/app/features/po
rtal-cliente/portal-doc
umentos/portal-document
os.component.ts:13:28:
[37m      13 Ôöé 
...onModule, [32mLucid
eAngularModule.pick({ 
FileSignature })[37m, 
LoadingS...
         ÔòÁ           
   [32m~~~~~~~~~~~~~~~
~~~~~~~~~~~~~~~~~~~~~~~
~~~~~[0m


[31mX [41;31m[[41;97
mERROR[41;31m][0m 
[1mNG2012: Component 
imports contains a 
ModuleWithProviders 
value, likely the 
result of a 'Module.for
Root()'-style call. 
These calls are not 
used to configure 
components and are not 
valid in standalone 
component imports - 
consider importing 
them in the 
application bootstrap 
instead.[0m 
[1m[35m[plugin 
angular-compiler][0m

    src/app/features/po
rtal-cliente/portal-fac
turacion/portal-factura
cion.component.ts:13:28
:
[37m      13 Ôöé 
...ommonModule, [32mLu
cideAngularModule.pick(
{ Receipt })[37m, 
LoadingSkel...
         ÔòÁ           
      [32m~~~~~~~~~~~~
~~~~~~~~~~~~~~~~~~~~~~~
~~[0m


[31mX [41;31m[[41;97
mERROR[41;31m][0m 
[1mTS2322: Type 'Modul
eWithProviders<LucideAn
gularModule>' is not 
assignable to type 
'readonly any[] | 
Type<any>'.[0m 
[1m[35m[plugin 
angular-compiler][0m

    src/app/features/po
rtal-cliente/portal-fac
turacion/portal-factura
cion.component.ts:13:28
:
[37m      13 Ôöé 
...ommonModule, [32mLu
cideAngularModule.pick(
{ Receipt })[37m, 
LoadingSkel...
         ÔòÁ           
      [32m~~~~~~~~~~~~
~~~~~~~~~~~~~~~~~~~~~~~
~~[0m


[31mX [41;31m[[41;97
mERROR[41;31m][0m 
[1mNG2012: Component 
imports contains a 
ModuleWithProviders 
value, likely the 
result of a 'Module.for
Root()'-style call. 
These calls are not 
used to configure 
components and are not 
valid in standalone 
component imports - 
consider importing 
them in the 
application bootstrap 
instead.[0m 
[1m[35m[plugin 
angular-compiler][0m

    src/app/features/po
rtal-cliente/portal-lay
out.component.ts:10:42:
[37m      10 Ôöé 
...le, RouterModule, [
32mLucideAngularModule.
pick({ LogOut, 
Sparkles })[37m],
         ÔòÁ           
           [32m~~~~~~~
~~~~~~~~~~~~~~~~~~~~~~~
~~~~~~~~~~~~~~~~[0m


[31mX [41;31m[[41;97
mERROR[41;31m][0m 
[1mTS2322: Type 'Modul
eWithProviders<LucideAn
gularModule>' is not 
assignable to type 
'readonly any[] | 
Type<any>'.[0m 
[1m[35m[plugin 
angular-compiler][0m

    src/app/features/po
rtal-cliente/portal-lay
out.component.ts:10:42:
[37m      10 Ôöé 
...le, RouterModule, [
32mLucideAngularModule.
pick({ LogOut, 
Sparkles })[37m],
         ÔòÁ           
           [32m~~~~~~~
~~~~~~~~~~~~~~~~~~~~~~~
~~~~~~~~~~~~~~~~[0m


[31mX [41;31m[[41;97
mERROR[41;31m][0m 
[1mNG2012: Component 
imports contains a 
ModuleWithProviders 
value, likely the 
result of a 'Module.for
Root()'-style call. 
These calls are not 
used to configure 
components and are not 
valid in standalone 
component imports - 
consider importing 
them in the 
application bootstrap 
instead.[0m 
[1m[35m[plugin 
angular-compiler][0m

    src/app/features/po
rtal-cliente/portal-pro
yectos/portal-proyectos
.component.ts:15:28:
[37m      15 Ôöé 
...CommonModule, [32mL
ucideAngularModule.pick
({ Folder })[37m, 
RouterModul...
         ÔòÁ           
       [32m~~~~~~~~~~~
~~~~~~~~~~~~~~~~~~~~~~~
~~[0m


[31mX [41;31m[[41;97
mERROR[41;31m][0m 
[1mTS2322: Type 'Modul
eWithProviders<LucideAn
gularModule>' is not 
assignable to type 
'readonly any[] | 
Type<any>'.[0m 
[1m[35m[plugin 
angular-compiler][0m

    src/app/features/po
rtal-cliente/portal-pro
yectos/portal-proyectos
.component.ts:15:28:
[37m      15 Ôöé 
...CommonModule, [32mL
ucideAngularModule.pick
({ Folder })[37m, 
RouterModul...
         ÔòÁ           
       [32m~~~~~~~~~~~
~~~~~~~~~~~~~~~~~~~~~~~
~~[0m


[31mX [41;31m[[41;97
mERROR[41;31m][0m 
[1mTS2305: Module 
'"lucide-angular"' has 
no exported member 
'Asunto'.[0m 
[1m[35m[plugin 
angular-compiler][0m

    src/app/features/po
rtal-cliente/portal-sop
orte/portal-soporte.com
ponent.ts:4:30:
[37m      4 Ôöé 
import { 
LucideAngularModule, 
[32mAsunto[37m, 
CheckCircle, Loader2, 
Mensaje...
        ÔòÁ            
                   
[32m~~~~~~[0m


[31mX [41;31m[[41;97
mERROR[41;31m][0m 
[1mTS2305: Module 
'"lucide-angular"' has 
no exported member 
'Mensaje'.[0m 
[1m[35m[plugin 
angular-compiler][0m

    src/app/features/po
rtal-cliente/portal-sop
orte/portal-soporte.com
ponent.ts:4:60:
[37m      4 Ôöé 
...sunto, CheckCircle, 
Loader2, 
[32mMensaje[37m, 
Prioridad, Send } from 
'lu...
        ÔòÁ            
                     
[32m~~~~~~~[0m


[31mX [41;31m[[41;97
mERROR[41;31m][0m 
[1mTS2305: Module 
'"lucide-angular"' has 
no exported member 
'Prioridad'.[0m 
[1m[35m[plugin 
angular-compiler][0m

    src/app/features/po
rtal-cliente/portal-sop
orte/portal-soporte.com
ponent.ts:4:69:
[37m      4 Ôöé 
...ckCircle, Loader2, 
Mensaje, 
[32mPrioridad[37m, 
Send } from 
'lucide-angul...
        ÔòÁ            
                    
[32m~~~~~~~~~[0m


[31mX [41;31m[[41;97
mERROR[41;31m][0m 
[1mNG2012: Component 
imports contains a 
ModuleWithProviders 
value, likely the 
result of a 'Module.for
Root()'-style call. 
These calls are not 
used to configure 
components and are not 
valid in standalone 
component imports - 
consider importing 
them in the 
application bootstrap 
instead.[0m 
[1m[35m[plugin 
angular-compiler][0m

    src/app/features/po
rtal-cliente/portal-sop
orte/portal-soporte.com
ponent.ts:10:41:
[37m      10 Ôöé 
...msModule, [32mLucid
eAngularModule.pick({ 
Asunto, CheckCircle, 
Loade[37m...
         ÔòÁ           
   [32m~~~~~~~~~~~~~~~
~~~~~~~~~~~~~~~~~~~~~~~
~~~~~~~~~~~~~~~[0m


[31mX [41;31m[[41;97
mERROR[41;31m][0m 
[1mTS2322: Type 'Modul
eWithProviders<LucideAn
gularModule>' is not 
assignable to type 
'readonly any[] | 
Type<any>'.[0m 
[1m[35m[plugin 
angular-compiler][0m

    src/app/features/po
rtal-cliente/portal-sop
orte/portal-soporte.com
ponent.ts:10:41:
[37m      10 Ôöé 
...msModule, [32mLucid
eAngularModule.pick({ 
Asunto, CheckCircle, 
Loade[37m...
         ÔòÁ           
   [32m~~~~~~~~~~~~~~~
~~~~~~~~~~~~~~~~~~~~~~~
~~~~~~~~~~~~~~~[0m


[31mX [41;31m[[41;97
mERROR[41;31m][0m 
[1mNG2012: Component 
imports contains a 
ModuleWithProviders 
value, likely the 
result of a 'Module.for
Root()'-style call. 
These calls are not 
used to configure 
components and are not 
valid in standalone 
component imports - 
consider importing 
them in the 
application bootstrap 
instead.[0m 
[1m[35m[plugin 
angular-compiler][0m

    src/app/features/pr
oyectos/kanban-board/ka
nban-board.ts:38:8:
[37m      38 Ôöé      
   [32mLucideAngularMo
dule.pick({ ArrowLeft, 
Clock, Edit2, 
Folder[37m...
         ÔòÁ         [
32m~~~~~~~~~~~~~~~~~~~~
~~~~~~~~~~~~~~~~~~~~~~~
~~~~~~~~~~~~~~~[0m


[31mX [41;31m[[41;97
mERROR[41;31m][0m 
[1mTS2322: Type 'Modul
eWithProviders<LucideAn
gularModule>' is not 
assignable to type 
'readonly any[] | 
Type<any>'.[0m 
[1m[35m[plugin 
angular-compiler][0m

    src/app/features/pr
oyectos/kanban-board/ka
nban-board.ts:38:8:
[37m      38 Ôöé      
   [32mLucideAngularMo
dule.pick({ ArrowLeft, 
Clock, Edit2, 
Folder[37m...
         ÔòÁ         [
32m~~~~~~~~~~~~~~~~~~~~
~~~~~~~~~~~~~~~~~~~~~~~
~~~~~~~~~~~~~~~[0m


[31mX [41;31m[[41;97
mERROR[41;31m][0m 
[1mNG2012: Component 
imports contains a 
ModuleWithProviders 
value, likely the 
result of a 'Module.for
Root()'-style call. 
These calls are not 
used to configure 
components and are not 
valid in standalone 
component imports - 
consider importing 
them in the 
application bootstrap 
instead.[0m 
[1m[35m[plugin 
angular-compiler][0m

    src/app/features/pr
oyectos/proyecto-detail
/proyecto-detail.compon
ent.ts:15:42:
[37m      15 Ôöé 
...erModule, [32mLucid
eAngularModule.pick({ 
Activity, Building2, 
Chevr[37m...
         ÔòÁ           
   [32m~~~~~~~~~~~~~~~
~~~~~~~~~~~~~~~~~~~~~~~
~~~~~~~~~~~~~~~[0m


[31mX [41;31m[[41;97
mERROR[41;31m][0m 
[1mTS2322: Type 'Modul
eWithProviders<LucideAn
gularModule>' is not 
assignable to type 
'readonly any[] | 
Type<any>'.[0m 
[1m[35m[plugin 
angular-compiler][0m

    src/app/features/pr
oyectos/proyecto-detail
/proyecto-detail.compon
ent.ts:15:42:
[37m      15 Ôöé 
...erModule, [32mLucid
eAngularModule.pick({ 
Activity, Building2, 
Chevr[37m...
         ÔòÁ           
   [32m~~~~~~~~~~~~~~~
~~~~~~~~~~~~~~~~~~~~~~~
~~~~~~~~~~~~~~~[0m


[31mX [41;31m[[41;97
mERROR[41;31m][0m 
[1mNG2012: Component 
imports contains a 
ModuleWithProviders 
value, likely the 
result of a 'Module.for
Root()'-style call. 
These calls are not 
used to configure 
components and are not 
valid in standalone 
component imports - 
consider importing 
them in the 
application bootstrap 
instead.[0m 
[1m[35m[plugin 
angular-compiler][0m

    src/app/features/pr
oyectos/proyecto-form/p
royecto-form.component.
ts:14:49:
[37m      14 Ôöé 
...msModule, [32mLucid
eAngularModule.pick({ 
Building2, Clock, 
Edit2, F[37m...
         ÔòÁ           
   [32m~~~~~~~~~~~~~~~
~~~~~~~~~~~~~~~~~~~~~~~
~~~~~~~~~~~~~~~[0m


[31mX [41;31m[[41;97
mERROR[41;31m][0m 
[1mTS2322: Type 'Modul
eWithProviders<LucideAn
gularModule>' is not 
assignable to type 
'readonly any[] | 
Type<any>'.[0m 
[1m[35m[plugin 
angular-compiler][0m

    src/app/features/pr
oyectos/proyecto-form/p
royecto-form.component.
ts:14:49:
[37m      14 Ôöé 
...msModule, [32mLucid
eAngularModule.pick({ 
Building2, Clock, 
Edit2, F[37m...
         ÔòÁ           
   [32m~~~~~~~~~~~~~~~
~~~~~~~~~~~~~~~~~~~~~~~
~~~~~~~~~~~~~~~[0m


[31mX [41;31m[[41;97
mERROR[41;31m][0m 
[1mNG2012: Component 
imports contains a 
ModuleWithProviders 
value, likely the 
result of a 'Module.for
Root()'-style call. 
These calls are not 
used to configure 
components and are not 
valid in standalone 
component imports - 
consider importing 
them in the 
application bootstrap 
instead.[0m 
[1m[35m[plugin 
angular-compiler][0m

    src/app/features/pr
oyectos/proyectos-list/
proyectos-list.ts:18:28
:
[37m      18 Ôöé 
...onModule, [32mLucid
eAngularModule.pick({ 
FolderPlus, Plus 
})[37m, Route...
         ÔòÁ           
   [32m~~~~~~~~~~~~~~~
~~~~~~~~~~~~~~~~~~~~~~~
~~~~~~~~[0m


[31mX [41;31m[[41;97
mERROR[41;31m][0m 
[1mTS2322: Type 'Modul
eWithProviders<LucideAn
gularModule>' is not 
assignable to type 
'readonly any[] | 
Type<any>'.[0m 
[1m[35m[plugin 
angular-compiler][0m

    src/app/features/pr
oyectos/proyectos-list/
proyectos-list.ts:18:28
:
[37m      18 Ôöé 
...onModule, [32mLucid
eAngularModule.pick({ 
FolderPlus, Plus 
})[37m, Route...
         ÔòÁ           
   [32m~~~~~~~~~~~~~~~
~~~~~~~~~~~~~~~~~~~~~~~
~~~~~~~~[0m


[31mX [41;31m[[41;97
mERROR[41;31m][0m 
[1mNG2012: Component 
imports contains a 
ModuleWithProviders 
value, likely the 
result of a 'Module.for
Root()'-style call. 
These calls are not 
used to configure 
components and are not 
valid in standalone 
component imports - 
consider importing 
them in the 
application bootstrap 
instead.[0m 
[1m[35m[plugin 
angular-compiler][0m

    src/app/features/pr
oyectos/tarea-form/tare
a-form.component.ts:10:
49:
[37m      10 Ôöé 
...msModule, [32mLucid
eAngularModule.pick({ 
CheckSquare, Clock, 
Edit3,[37m...
         ÔòÁ           
   [32m~~~~~~~~~~~~~~~
~~~~~~~~~~~~~~~~~~~~~~~
~~~~~~~~~~~~~~~[0m


[31mX [41;31m[[41;97
mERROR[41;31m][0m 
[1mTS2322: Type 'Modul
eWithProviders<LucideAn
gularModule>' is not 
assignable to type 
'readonly any[] | 
Type<any>'.[0m 
[1m[35m[plugin 
angular-compiler][0m

    src/app/features/pr
oyectos/tarea-form/tare
a-form.component.ts:10:
49:
[37m      10 Ôöé 
...msModule, [32mLucid
eAngularModule.pick({ 
CheckSquare, Clock, 
Edit3,[37m...
         ÔòÁ           
   [32m~~~~~~~~~~~~~~~
~~~~~~~~~~~~~~~~~~~~~~~
~~~~~~~~~~~~~~~[0m


[31mX [41;31m[[41;97
mERROR[41;31m][0m 
[1mNG2012: Component 
imports contains a 
ModuleWithProviders 
value, likely the 
result of a 'Module.for
Root()'-style call. 
These calls are not 
used to configure 
components and are not 
valid in standalone 
component imports - 
consider importing 
them in the 
application bootstrap 
instead.[0m 
[1m[35m[plugin 
angular-compiler][0m

    src/app/features/pr
oyectos/tarea-list/tare
a-list.component.ts:16:
28:
[37m      16 Ôöé 
...onModule, [32mLucid
eAngularModule.pick({ 
ClipboardList, Plus 
})[37m, Da...
         ÔòÁ           
   [32m~~~~~~~~~~~~~~~
~~~~~~~~~~~~~~~~~~~~~~~
~~~~~~~~~~~[0m


[31mX [41;31m[[41;97
mERROR[41;31m][0m 
[1mTS2322: Type 'Modul
eWithProviders<LucideAn
gularModule>' is not 
assignable to type 
'readonly any[] | 
Type<any>'.[0m 
[1m[35m[plugin 
angular-compiler][0m

    src/app/features/pr
oyectos/tarea-list/tare
a-list.component.ts:16:
28:
[37m      16 Ôöé 
...onModule, [32mLucid
eAngularModule.pick({ 
ClipboardList, Plus 
})[37m, Da...
         ÔòÁ           
   [32m~~~~~~~~~~~~~~~
~~~~~~~~~~~~~~~~~~~~~~~
~~~~~~~~~~~[0m


[31mX [41;31m[[41;97
mERROR[41;31m][0m 
[1mNG2012: Component 
imports contains a 
ModuleWithProviders 
value, likely the 
result of a 'Module.for
Root()'-style call. 
These calls are not 
used to configure 
components and are not 
valid in standalone 
component imports - 
consider importing 
them in the 
application bootstrap 
instead.[0m 
[1m[35m[plugin 
angular-compiler][0m

    src/app/features/su
peradmin/superadmin-das
hboard/superadmin-dashb
oard.component.ts:11:41
:
[37m      11 Ôöé 
...msModule, [32mLucid
eAngularModule.pick({ 
Bot, Briefcase, 
CheckSquar[37m...
         ÔòÁ           
   [32m~~~~~~~~~~~~~~~
~~~~~~~~~~~~~~~~~~~~~~~
~~~~~~~~~~~~~~~[0m


[31mX [41;31m[[41;97
mERROR[41;31m][0m 
[1mTS2322: Type 'Modul
eWithProviders<LucideAn
gularModule>' is not 
assignable to type 
'readonly any[] | 
Type<any>'.[0m 
[1m[35m[plugin 
angular-compiler][0m

    src/app/features/su
peradmin/superadmin-das
hboard/superadmin-dashb
oard.component.ts:11:41
:
[37m      11 Ôöé 
...msModule, [32mLucid
eAngularModule.pick({ 
Bot, Briefcase, 
CheckSquar[37m...
         ÔòÁ           
   [32m~~~~~~~~~~~~~~~
~~~~~~~~~~~~~~~~~~~~~~~
~~~~~~~~~~~~~~~[0m


[31mX [41;31m[[41;97
mERROR[41;31m][0m 
[1mNG2012: Component 
imports contains a 
ModuleWithProviders 
value, likely the 
result of a 'Module.for
Root()'-style call. 
These calls are not 
used to configure 
components and are not 
valid in standalone 
component imports - 
consider importing 
them in the 
application bootstrap 
instead.[0m 
[1m[35m[plugin 
angular-compiler][0m

    src/app/features/su
peradmin/superadmin-lay
out.component.ts:10:42:
[37m      10 Ôöé 
...erModule, [32mLucid
eAngularModule.pick({ 
ChevronRight, 
LayoutDashbo[37m...
         ÔòÁ           
   [32m~~~~~~~~~~~~~~~
~~~~~~~~~~~~~~~~~~~~~~~
~~~~~~~~~~~~~~~[0m


[31mX [41;31m[[41;97
mERROR[41;31m][0m 
[1mTS2322: Type 'Modul
eWithProviders<LucideAn
gularModule>' is not 
assignable to type 
'readonly any[] | 
Type<any>'.[0m 
[1m[35m[plugin 
angular-compiler][0m

    src/app/features/su
peradmin/superadmin-lay
out.component.ts:10:42:
[37m      10 Ôöé 
...erModule, [32mLucid
eAngularModule.pick({ 
ChevronRight, 
LayoutDashbo[37m...
         ÔòÁ           
   [32m~~~~~~~~~~~~~~~
~~~~~~~~~~~~~~~~~~~~~~~
~~~~~~~~~~~~~~~[0m


[31mX [41;31m[[41;97
mERROR[41;31m][0m 
[1mNG2012: Component 
imports contains a 
ModuleWithProviders 
value, likely the 
result of a 'Module.for
Root()'-style call. 
These calls are not 
used to configure 
components and are not 
valid in standalone 
component imports - 
consider importing 
them in the 
application bootstrap 
instead.[0m 
[1m[35m[plugin 
angular-compiler][0m

    src/app/shared/comp
onents/data-table/data-
table.component.ts:16:2
6:
[37m      16 Ôöé 
...onModule, [32mLucid
eAngularModule.pick({ 
ArrowUpDown, Edit2, 
Eye, T[37m...
         ÔòÁ           
   [32m~~~~~~~~~~~~~~~
~~~~~~~~~~~~~~~~~~~~~~~
~~~~~~~~~~~~~~~[0m


[31mX [41;31m[[41;97
mERROR[41;31m][0m 
[1mTS2322: Type 'Modul
eWithProviders<LucideAn
gularModule>' is not 
assignable to type 
'readonly any[] | 
Type<any>'.[0m 
[1m[35m[plugin 
angular-compiler][0m

    src/app/shared/comp
onents/data-table/data-
table.component.ts:16:2
6:
[37m      16 Ôöé 
...onModule, [32mLucid
eAngularModule.pick({ 
ArrowUpDown, Edit2, 
Eye, T[37m...
         ÔòÁ           
   [32m~~~~~~~~~~~~~~~
~~~~~~~~~~~~~~~~~~~~~~~
~~~~~~~~~~~~~~~[0m


[31mX [41;31m[[41;97
mERROR[41;31m][0m 
[1mNG2012: Component 
imports contains a 
ModuleWithProviders 
value, likely the 
result of a 'Module.for
Root()'-style call. 
These calls are not 
used to configure 
components and are not 
valid in standalone 
component imports - 
consider importing 
them in the 
application bootstrap 
instead.[0m 
[1m[35m[plugin 
angular-compiler][0m

    src/app/shared/comp
onents/global-search/gl
obal-search.component.t
s:23:41:
[37m      23 Ôöé 
...msModule, [32mLucid
eAngularModule.pick({ 
Briefcase, FileText, 
Loade[37m...
         ÔòÁ           
   [32m~~~~~~~~~~~~~~~
~~~~~~~~~~~~~~~~~~~~~~~
~~~~~~~~~~~~~~~[0m


[31mX [41;31m[[41;97
mERROR[41;31m][0m 
[1mTS2322: Type 'Modul
eWithProviders<LucideAn
gularModule>' is not 
assignable to type 
'readonly any[] | 
Type<any>'.[0m 
[1m[35m[plugin 
angular-compiler][0m

    src/app/shared/comp
onents/global-search/gl
obal-search.component.t
s:23:41:
[37m      23 Ôöé 
...msModule, [32mLucid
eAngularModule.pick({ 
Briefcase, FileText, 
Loade[37m...
         ÔòÁ           
   [32m~~~~~~~~~~~~~~~
~~~~~~~~~~~~~~~~~~~~~~~
~~~~~~~~~~~~~~~[0m


[31mX [41;31m[[41;97
mERROR[41;31m][0m 
[1mNG2012: Component 
imports contains a 
ModuleWithProviders 
value, likely the 
result of a 'Module.for
Root()'-style call. 
These calls are not 
used to configure 
components and are not 
valid in standalone 
component imports - 
consider importing 
them in the 
application bootstrap 
instead.[0m 
[1m[35m[plugin 
angular-compiler][0m

    src/app/shared/comp
onents/navbar/navbar.ts
:12:26:
[37m      12 Ôöé 
...onModule, [32mLucid
eAngularModule.pick({ 
Bell, ChevronDown, 
LogOut,[37m...
         ÔòÁ           
   [32m~~~~~~~~~~~~~~~
~~~~~~~~~~~~~~~~~~~~~~~
~~~~~~~~~~~~~~~[0m


[31mX [41;31m[[41;97
mERROR[41;31m][0m 
[1mTS2322: Type 'Modul
eWithProviders<LucideAn
gularModule>' is not 
assignable to type 
'readonly any[] | 
Type<any>'.[0m 
[1m[35m[plugin 
angular-compiler][0m

    src/app/shared/comp
onents/navbar/navbar.ts
:12:26:
[37m      12 Ôöé 
...onModule, [32mLucid
eAngularModule.pick({ 
Bell, ChevronDown, 
LogOut,[37m...
         ÔòÁ           
   [32m~~~~~~~~~~~~~~~
~~~~~~~~~~~~~~~~~~~~~~~
~~~~~~~~~~~~~~~[0m


[31mX [41;31m[[41;97
mERROR[41;31m][0m 
[1mNG2012: Component 
imports contains a 
ModuleWithProviders 
value, likely the 
result of a 'Module.for
Root()'-style call. 
These calls are not 
used to configure 
components and are not 
valid in standalone 
component imports - 
consider importing 
them in the 
application bootstrap 
instead.[0m 
[1m[35m[plugin 
angular-compiler][0m

    src/app/shared/comp
onents/sidebar/sidebar.
ts:16:40:
[37m      16 Ôöé 
...erModule, [32mLucid
eAngularModule.pick({ 
Briefcase, 
CheckSquare, Ch[37m...
         ÔòÁ           
   [32m~~~~~~~~~~~~~~~
~~~~~~~~~~~~~~~~~~~~~~~
~~~~~~~~~~~~~~~[0m


[31mX [41;31m[[41;97
mERROR[41;31m][0m 
[1mTS2322: Type 'Modul
eWithProviders<LucideAn
gularModule>' is not 
assignable to type 
'readonly any[] | 
Type<any>'.[0m 
[1m[35m[plugin 
angular-compiler][0m

    src/app/shared/comp
onents/sidebar/sidebar.
ts:16:40:
[37m      16 Ôöé 
...erModule, [32mLucid
eAngularModule.pick({ 
Briefcase, 
CheckSquare, Ch[37m...
         ÔòÁ           
   [32m~~~~~~~~~~~~~~~
~~~~~~~~~~~~~~~~~~~~~~~
~~~~~~~~~~~~~~~[0m


[31mX [41;31m[[41;97
mERROR[41;31m][0m 
[1mNG2012: Component 
imports contains a 
ModuleWithProviders 
value, likely the 
result of a 'Module.for
Root()'-style call. 
These calls are not 
used to configure 
components and are not 
valid in standalone 
component imports - 
consider importing 
them in the 
application bootstrap 
instead.[0m 
[1m[35m[plugin 
angular-compiler][0m

    src/app/shared/comp
onents/signature-pad/si
gnature-pad.component.t
s:13:41:
[37m      13 Ôöé 
...msModule, [32mLucid
eAngularModule.pick({ 
CheckCircle, Image, 
Keyboa[37m...
         ÔòÁ           
   [32m~~~~~~~~~~~~~~~
~~~~~~~~~~~~~~~~~~~~~~~
~~~~~~~~~~~~~~~[0m


[31mX [41;31m[[41;97
mERROR[41;31m][0m 
[1mTS2322: Type 'Modul
eWithProviders<LucideAn
gularModule>' is not 
assignable to type 
'readonly any[] | 
Type<any>'.[0m 
[1m[35m[plugin 
angular-compiler][0m

    src/app/shared/comp
onents/signature-pad/si
gnature-pad.component.t
s:13:41:
[37m      13 Ôöé 
...msModule, [32mLucid
eAngularModule.pick({ 
CheckCircle, Image, 
Keyboa[37m...
         ÔòÁ           
   [32m~~~~~~~~~~~~~~~
~~~~~~~~~~~~~~~~~~~~~~~
~~~~~~~~~~~~~~~[0m


[31mX [41;31m[[41;97
mERROR[41;31m][0m 
[1mNG2012: Component 
imports contains a 
ModuleWithProviders 
value, likely the 
result of a 'Module.for
Root()'-style call. 
These calls are not 
used to configure 
components and are not 
valid in standalone 
component imports - 
consider importing 
them in the 
application bootstrap 
instead.[0m 
[1m[35m[plugin 
angular-compiler][0m

    src/app/shared/comp
onents/stat-card/stat-c
ard.component.ts:9:28:
[37m      9 Ôöé 
...monModule, [32mLuci
deAngularModule.pick({ 
ArrowDown, ArrowUp 
})[37m, Cur...
        ÔòÁ            
   [32m~~~~~~~~~~~~~~~
~~~~~~~~~~~~~~~~~~~~~~~
~~~~~~~~~~[0m


[31mX [41;31m[[41;97
mERROR[41;31m][0m 
[1mTS2322: Type 'Modul
eWithProviders<LucideAn
gularModule>' is not 
assignable to type 
'readonly any[] | 
Type<any>'.[0m 
[1m[35m[plugin 
angular-compiler][0m

    src/app/shared/comp
onents/stat-card/stat-c
ard.component.ts:9:28:
[37m      9 Ôöé 
...monModule, [32mLuci
deAngularModule.pick({ 
ArrowDown, ArrowUp 
})[37m, Cur...
        ÔòÁ            
   [32m~~~~~~~~~~~~~~~
~~~~~~~~~~~~~~~~~~~~~~~
~~~~~~~~~~[0m

[39m[22m
